Archive member included to satisfy reference by file (symbol)

/opt/st/stm32cubeide_1.19.0/plugins/com.st.stm32cube.ide.mcu.externaltools.gnu-tools-for-stm32.13.3.rel1.linux64_1.0.0.202410170706/tools/bin/../lib/gcc/arm-none-eabi/13.3.1/../../../../arm-none-eabi/lib/thumb/v7e-m+dp/hard/libc.a(libc_a-exit.o)
                              /opt/st/stm32cubeide_1.19.0/plugins/com.st.stm32cube.ide.mcu.externaltools.gnu-tools-for-stm32.13.3.rel1.linux64_1.0.0.202410170706/tools/bin/../lib/gcc/arm-none-eabi/13.3.1/../../../../arm-none-eabi/lib/thumb/v7e-m+dp/hard/crt0.o (exit)
/opt/st/stm32cubeide_1.19.0/plugins/com.st.stm32cube.ide.mcu.externaltools.gnu-tools-for-stm32.13.3.rel1.linux64_1.0.0.202410170706/tools/bin/../lib/gcc/arm-none-eabi/13.3.1/../../../../arm-none-eabi/lib/thumb/v7e-m+dp/hard/libc.a(libc_a-findfp.o)
                              /opt/st/stm32cubeide_1.19.0/plugins/com.st.stm32cube.ide.mcu.externaltools.gnu-tools-for-stm32.13.3.rel1.linux64_1.0.0.202410170706/tools/bin/../lib/gcc/arm-none-eabi/13.3.1/../../../../arm-none-eabi/lib/thumb/v7e-m+dp/hard/libc.a(libc_a-exit.o) (__stdio_exit_handler)
/opt/st/stm32cubeide_1.19.0/plugins/com.st.stm32cube.ide.mcu.externaltools.gnu-tools-for-stm32.13.3.rel1.linux64_1.0.0.202410170706/tools/bin/../lib/gcc/arm-none-eabi/13.3.1/../../../../arm-none-eabi/lib/thumb/v7e-m+dp/hard/libc.a(libc_a-fwalk.o)
                              /opt/st/stm32cubeide_1.19.0/plugins/com.st.stm32cube.ide.mcu.externaltools.gnu-tools-for-stm32.13.3.rel1.linux64_1.0.0.202410170706/tools/bin/../lib/gcc/arm-none-eabi/13.3.1/../../../../arm-none-eabi/lib/thumb/v7e-m+dp/hard/libc.a(libc_a-findfp.o) (_fwalk_sglue)
/opt/st/stm32cubeide_1.19.0/plugins/com.st.stm32cube.ide.mcu.externaltools.gnu-tools-for-stm32.13.3.rel1.linux64_1.0.0.202410170706/tools/bin/../lib/gcc/arm-none-eabi/13.3.1/../../../../arm-none-eabi/lib/thumb/v7e-m+dp/hard/libc.a(libc_a-printf.o)
                              ./Core/Src/flash_veeprom_test.o (printf)
/opt/st/stm32cubeide_1.19.0/plugins/com.st.stm32cube.ide.mcu.externaltools.gnu-tools-for-stm32.13.3.rel1.linux64_1.0.0.202410170706/tools/bin/../lib/gcc/arm-none-eabi/13.3.1/../../../../arm-none-eabi/lib/thumb/v7e-m+dp/hard/libc.a(libc_a-puts.o)
                              ./Core/Src/flash_veeprom_test.o (puts)
/opt/st/stm32cubeide_1.19.0/plugins/com.st.stm32cube.ide.mcu.externaltools.gnu-tools-for-stm32.13.3.rel1.linux64_1.0.0.202410170706/tools/bin/../lib/gcc/arm-none-eabi/13.3.1/../../../../arm-none-eabi/lib/thumb/v7e-m+dp/hard/libc.a(libc_a-stdio.o)
                              /opt/st/stm32cubeide_1.19.0/plugins/com.st.stm32cube.ide.mcu.externaltools.gnu-tools-for-stm32.13.3.rel1.linux64_1.0.0.202410170706/tools/bin/../lib/gcc/arm-none-eabi/13.3.1/../../../../arm-none-eabi/lib/thumb/v7e-m+dp/hard/libc.a(libc_a-findfp.o) (__sread)
/opt/st/stm32cubeide_1.19.0/plugins/com.st.stm32cube.ide.mcu.externaltools.gnu-tools-for-stm32.13.3.rel1.linux64_1.0.0.202410170706/tools/bin/../lib/gcc/arm-none-eabi/13.3.1/../../../../arm-none-eabi/lib/thumb/v7e-m+dp/hard/libc.a(libc_a-memset.o)
                              /opt/st/stm32cubeide_1.19.0/plugins/com.st.stm32cube.ide.mcu.externaltools.gnu-tools-for-stm32.13.3.rel1.linux64_1.0.0.202410170706/tools/bin/../lib/gcc/arm-none-eabi/13.3.1/../../../../arm-none-eabi/lib/thumb/v7e-m+dp/hard/crt0.o (memset)
/opt/st/stm32cubeide_1.19.0/plugins/com.st.stm32cube.ide.mcu.externaltools.gnu-tools-for-stm32.13.3.rel1.linux64_1.0.0.202410170706/tools/bin/../lib/gcc/arm-none-eabi/13.3.1/../../../../arm-none-eabi/lib/thumb/v7e-m+dp/hard/libc.a(libc_a-closer.o)
                              /opt/st/stm32cubeide_1.19.0/plugins/com.st.stm32cube.ide.mcu.externaltools.gnu-tools-for-stm32.13.3.rel1.linux64_1.0.0.202410170706/tools/bin/../lib/gcc/arm-none-eabi/13.3.1/../../../../arm-none-eabi/lib/thumb/v7e-m+dp/hard/libc.a(libc_a-stdio.o) (_close_r)
/opt/st/stm32cubeide_1.19.0/plugins/com.st.stm32cube.ide.mcu.externaltools.gnu-tools-for-stm32.13.3.rel1.linux64_1.0.0.202410170706/tools/bin/../lib/gcc/arm-none-eabi/13.3.1/../../../../arm-none-eabi/lib/thumb/v7e-m+dp/hard/libc.a(libc_a-reent.o)
                              /opt/st/stm32cubeide_1.19.0/plugins/com.st.stm32cube.ide.mcu.externaltools.gnu-tools-for-stm32.13.3.rel1.linux64_1.0.0.202410170706/tools/bin/../lib/gcc/arm-none-eabi/13.3.1/../../../../arm-none-eabi/lib/thumb/v7e-m+dp/hard/libc.a(libc_a-closer.o) (errno)
/opt/st/stm32cubeide_1.19.0/plugins/com.st.stm32cube.ide.mcu.externaltools.gnu-tools-for-stm32.13.3.rel1.linux64_1.0.0.202410170706/tools/bin/../lib/gcc/arm-none-eabi/13.3.1/../../../../arm-none-eabi/lib/thumb/v7e-m+dp/hard/libc.a(libc_a-impure.o)
                              /opt/st/stm32cubeide_1.19.0/plugins/com.st.stm32cube.ide.mcu.externaltools.gnu-tools-for-stm32.13.3.rel1.linux64_1.0.0.202410170706/tools/bin/../lib/gcc/arm-none-eabi/13.3.1/../../../../arm-none-eabi/lib/thumb/v7e-m+dp/hard/libc.a(libc_a-printf.o) (_impure_ptr)
[...]
Memory Configuration

Name             Origin             Length             Attributes
ITCMRAM          0x00000000         0x00010000         xrw
FLASH            0x08000000         0x001fe000         xr
VEEPROM          0x081fe000         0x00002000         rw
DTCMRAM1         0x20000000         0x00010000         xrw
DTCMRAM2         0x20010000         0x00010000         xrw
RAM              0x24000000         0x00100000         xrw
RAM_CD           0x30000000         0x00020000         xrw
RAM_SRD          0x38000000         0x00008000         xrw
*default*        0x00000000         0xffffffff

Linker script and memory map

LOAD /opt/st/stm32cubeide_1.19.0/plugins/com.st.stm32cube.ide.mcu.externaltools.gnu-tools-for-stm32.13.3.rel1.linux64_1.0.0.202410170706/tools/bin/../lib/gcc/arm-none-eabi/13.3.1/thumb/v7e-m+dp/hard/crti.o
LOAD /opt/st/stm32cubeide_1.19.0/plugins/com.st.stm32cube.ide.mcu.externaltools.gnu-tools-for-stm32.13.3.rel1.linux64_1.0.0.202410170706/tools/bin/../lib/gcc/arm-none-eabi/13.3.1/thumb/v7e-m+dp/hard/crtbegin.o
LOAD /opt/st/stm32cubeide_1.19.0/plugins/com.st.stm32cube.ide.mcu.externaltools.gnu-tools-for-stm32.13.3.rel1.linux64_1.0.0.202410170706/tools/bin/../lib/gcc/arm-none-eabi/13.3.1/../../../../arm-none-eabi/lib/thumb/v7e-m+dp/hard/crt0.o
LOAD ./Core/Src/flash_veeprom.o
LOAD ./Core/Src/flash_veeprom_test.o
LOAD ./Core/Src/gpio.o
LOAD ./Core/Src/main.o
LOAD ./Core/Src/stm32h7xx_hal_msp.o
LOAD ./Core/Src/stm32h7xx_it.o
LOAD ./Core/Src/syscalls.o
LOAD ./Core/Src/sysmem.o
LOAD ./Core/Src/system_stm32h7xx.o
LOAD ./Core/Src/tim.o
LOAD ./Core/Src/tim1_drv.o
LOAD ./Core/Startup/startup_stm32h7a3zitxq.o
LOAD ./Drivers/BSP/STM32H7xx_Nucleo/stm32h7xx_nucleo.o
LOAD ./Drivers/STM32H7xx_HAL_Driver/Src/stm32h7xx_hal.o
LOAD ./Drivers/STM32H7xx_HAL_Driver/Src/stm32h7xx_hal_cortex.o
LOAD ./Drivers/STM32H7xx_HAL_Driver/Src/stm32h7xx_hal_dma.o
LOAD ./Drivers/STM32H7xx_HAL_Driver/Src/stm32h7xx_hal_dma_ex.o
LOAD ./Drivers/STM32H7xx_HAL_Driver/Src/stm32h7xx_hal_exti.o
LOAD ./Drivers/STM32H7xx_HAL_Driver/Src/stm32h7xx_hal_flash.o
LOAD ./Drivers/STM32H7xx_HAL_Driver/Src/stm32h7xx_hal_flash_ex.o
LOAD ./Drivers/STM32H7xx_HAL_Driver/Src/stm32h7xx_hal_gpio.o
LOAD ./Drivers/STM32H7xx_HAL_Driver/Src/stm32h7xx_hal_hsem.o
LOAD ./Drivers/STM32H7xx_HAL_Driver/Src/stm32h7xx_hal_i2c.o
LOAD ./Drivers/STM32H7xx_HAL_Driver/Src/stm32h7xx_hal_i2c_ex.o
LOAD ./Drivers/STM32H7xx_HAL_Driver/Src/stm32h7xx_hal_mdma.o
LOAD ./Drivers/STM32H7xx_HAL_Driver/Src/stm32h7xx_hal_pwr.o
LOAD ./Drivers/STM32H7xx_HAL_Driver/Src/stm32h7xx_hal_pwr_ex.o
LOAD ./Drivers/STM32H7xx_HAL_Driver/Src/stm32h7xx_hal_rcc.o
LOAD ./Drivers/STM32H7xx_HAL_Driver/Src/stm32h7xx_hal_rcc_ex.o
LOAD ./Drivers/STM32H7xx_HAL_Driver/Src/stm32h7xx_hal_tim.o
LOAD ./Drivers/STM32H7xx_HAL_Driver/Src/stm32h7xx_hal_tim_ex.o
LOAD ./Drivers/STM32H7xx_HAL_Driver/Src/stm32h7xx_hal_uart.o
LOAD ./Drivers/STM32H7xx_HAL_Driver/Src/stm32h7xx_hal_uart_ex.o
LOAD ./Drivers/STM32H7xx_HAL_Driver/Src/stm32h7xx_hal_usart.o
LOAD ./Drivers/STM32H7xx_HAL_Driver/Src/stm32h7xx_hal_usart_ex.o
START GROUP
LOAD /opt/st/stm32cubeide_1.19.0/plugins/com.st.stm32cube.ide.mcu.externaltools.gnu-tools-for-stm32.13.3.rel1.linux64_1.0.0.202410170706/tools/bin/../lib/gcc/arm-none-eabi/13.3.1/../../../../arm-none-eabi/lib/thumb/v7e-m+dp/hard/libc.a
LOAD /opt/st/stm32cubeide_1.19.0/plugins/com.st.stm32cube.ide.mcu.externaltools.gnu-tools-for-stm32.13.3.rel1.linux64_1.0.0.202410170706/tools/bin/../lib/gcc/arm-none-eabi/13.3.1/../../../../arm-none-eabi/lib/thumb/v7e-m+dp/hard/libm.a
END GROUP
START GROUP
LOAD /opt/st/stm32cubeide_1.19.0/plugins/com.st.stm32cube.ide.mcu.externaltools.gnu-tools-for-stm32.13.3.rel1.linux64_1.0.0.202410170706/tools/bin/../lib/gcc/arm-none-eabi/13.3.1/thumb/v7e-m+dp/hard/libgcc.a
LOAD /opt/st/stm32cubeide_1.19.0/plugins/com.st.stm32cube.ide.mcu.externaltools.gnu-tools-for-stm32.13.3.rel1.linux64_1.0.0.202410170706/tools/bin/../lib/gcc/arm-none-eabi/13.3.1/../../../../arm-none-eabi/lib/thumb/v7e-m+dp/hard/libc.a
END GROUP
START GROUP
LOAD /opt/st/stm32cubeide_1.19.0/plugins/com.st.stm32cube.ide.mcu.externaltools.gnu-tools-for-stm32.13.3.rel1.linux64_1.0.0.202410170706/tools/bin/../lib/gcc/arm-none-eabi/13.3.1/thumb/v7e-m+dp/hard/libgcc.a
LOAD /opt/st/stm32cubeide_1.19.0/plugins/com.st.stm32cube.ide.mcu.externaltools.gnu-tools-for-stm32.13.3.rel1.linux64_1.0.0.202410170706/tools/bin/../lib/gcc/arm-none-eabi/13.3.1/../../../../arm-none-eabi/lib/thumb/v7e-m+dp/hard/libc.a
LOAD /opt/st/stm32cubeide_1.19.0/plugins/com.st.stm32cube.ide.mcu.externaltools.gnu-tools-for-stm32.13.3.rel1.linux64_1.0.0.202410170706/tools/bin/../lib/gcc/arm-none-eabi/13.3.1/../../../../arm-none-eabi/lib/thumb/v7e-m+dp/hard/libnosys.a
END GROUP
LOAD /opt/st/stm32cubeide_1.19.0/plugins/com.st.stm32cube.ide.mcu.externaltools.gnu-tools-for-stm32.13.3.rel1.linux64_1.0.0.202410170706/tools/bin/../lib/gcc/arm-none-eabi/13.3.1/thumb/v7e-m+dp/hard/crtend.o
LOAD /opt/st/stm32cubeide_1.19.0/plugins/com.st.stm32cube.ide.mcu.externaltools.gnu-tools-for-stm32.13.3.rel1.linux64_1.0.0.202410170706/tools/bin/../lib/gcc/arm-none-eabi/13.3.1/thumb/v7e-m+dp/hard/crtn.o
                0x24100000                        _estack = (ORIGIN (RAM) + LENGTH (RAM))
                0x00000200                        _Min_Heap_Size = 0x200
                0x00000400                        _Min_Stack_Size = 0x400

.isr_vector     0x08000000      0x2ac
                0x08000000                        . = ALIGN (0x4)
 *(.isr_vector)
 .isr_vector    0x08000000      0x2ac ./Core/Startup/startup_stm32h7a3zitxq.o
                0x08000000                g_pfnVectors
                0x080002ac                        . = ALIGN (0x4)

.text           0x080002b0     0xa67c
                0x080002b0                        . = ALIGN (0x4)
 *(.text)
 .text          0x080002b0       0x40 /opt/st/stm32cubeide_1.19.0/plugins/com.st.stm32cube.ide.mcu.externaltools.gnu-tools-for-stm32.13.3.rel1.linux64_1.0.0.202410170706/tools/bin/../lib/gcc/arm-none-eabi/13.3.1/thumb/v7e-m+dp/hard/crtbegin.o
 .text          0x080002f0       0x10 /opt/st/stm32cubeide_1.19.0/plugins/com.st.stm32cube.ide.mcu.externaltools.gnu-tools-for-stm32.13.3.rel1.linux64_1.0.0.202410170706/tools/bin/../lib/gcc/arm-none-eabi/13.3.1/../../../../arm-none-eabi/lib/thumb/v7e-m+dp/hard/libc.a(libc_a-strlen.o)
                0x080002f0                strlen
 .text          0x08000300       0xa0 /opt/st/stm32cubeide_1.19.0/plugins/com.st.stm32cube.ide.mcu.externaltools.gnu-tools-for-stm32.13.3.rel1.linux64_1.0.0.202410170706/tools/bin/../lib/gcc/arm-none-eabi/13.3.1/../../../../arm-none-eabi/lib/thumb/v7e-m+dp/hard/libc.a(libc_a-memchr.o)
                0x08000300                memchr
 .text          0x080003a0       0x30 /opt/st/stm32cubeide_1.19.0/plugins/com.st.stm32cube.ide.mcu.externaltools.gnu-tools-for-stm32.13.3.rel1.linux64_1.0.0.202410170706/tools/bin/../lib/gcc/arm-none-eabi/13.3.1/thumb/v7e-m+dp/hard/libgcc.a(_aeabi_uldivmod.o)
                0x080003a0                __aeabi_uldivmod
 .text          0x080003d0      0x2f8 /opt/st/stm32cubeide_1.19.0/plugins/com.st.stm32cube.ide.mcu.externaltools.gnu-tools-for-stm32.13.3.rel1.linux64_1.0.0.202410170706/tools/bin/../lib/gcc/arm-none-eabi/13.3.1/thumb/v7e-m+dp/hard/libgcc.a(_udivmoddi4.o)
                0x080003d0                __udivmoddi4
 .text          0x080006c8        0x4 /opt/st/stm32cubeide_1.19.0/plugins/com.st.stm32cube.ide.mcu.externaltools.gnu-tools-for-stm32.13.3.rel1.linux64_1.0.0.202410170706/tools/bin/../lib/gcc/arm-none-eabi/13.3.1/thumb/v7e-m+dp/hard/libgcc.a(_dvmd_tls.o)
                0x080006c8                __aeabi_ldiv0
                0x080006c8                __aeabi_idiv0
 *(.text*)
 .text.safe_invalidate_dcache
                0x080006cc       0x74 ./Core/Src/flash_veeprom.o
 .text.HAL_FLASH_EndOfOperationCallback
                0x08000740       0x8c ./Core/Src/flash_veeprom.o
                0x08000740                HAL_FLASH_EndOfOperationCallback
 .text.HAL_FLASH_OperationErrorCallback
                0x080007cc       0x2c ./Core/Src/flash_veeprom.o
                0x080007cc                HAL_FLASH_OperationErrorCallback
 .text.MX_GPIO_Init
                0x080007f8      0x124 ./Core/Src/gpio.o
                0x080007f8                MX_GPIO_Init
 *fill*         0x0800091c        0x4 
 .text.main     0x08000920      0x208 ./Core/Src/main.o
                0x08000920                main
 .text.SystemClock_Config
                0x08000b28       0xec ./Core/Src/main.o
                0x08000b28                SystemClock_Config
 .text.MPU_Config
                0x08000c14       0x58 ./Core/Src/main.o
 .text.BSP_PB_Callback
                0x08000c6c       0x28 ./Core/Src/main.o
                0x08000c6c                BSP_PB_Callback
 .text.Error_Handler
                0x08000c94        0xc ./Core/Src/main.o
                0x08000c94                Error_Handler
 .text.HAL_MspInit
                0x08000ca0       0x34 ./Core/Src/stm32h7xx_hal_msp.o
                0x08000ca0                HAL_MspInit
 .text.NMI_Handler
                0x08000cd4        0x8 ./Core/Src/stm32h7xx_it.o
                0x08000cd4                NMI_Handler
 .text.HardFault_Handler
                0x08000cdc        0x8 ./Core/Src/stm32h7xx_it.o
                0x08000cdc                HardFault_Handler
 .text.MemManage_Handler
                0x08000ce4        0x8 ./Core/Src/stm32h7xx_it.o
                0x08000ce4                MemManage_Handler
 .text.BusFault_Handler
                0x08000cec        0x8 ./Core/Src/stm32h7xx_it.o
                0x08000cec                BusFault_Handler
 .text.UsageFault_Handler
                0x08000cf4        0x8 ./Core/Src/stm32h7xx_it.o
                0x08000cf4                UsageFault_Handler
 .text.SVC_Handler
                0x08000cfc        0xe ./Core/Src/stm32h7xx_it.o
                0x08000cfc                SVC_Handler
 .text.DebugMon_Handler
                0x08000d0a        0xe ./Core/Src/stm32h7xx_it.o
                0x08000d0a                DebugMon_Handler
 .text.PendSV_Handler
                0x08000d18        0xe ./Core/Src/stm32h7xx_it.o
                0x08000d18                PendSV_Handler
 .text.SysTick_Handler
                0x08000d26        0xc ./Core/Src/stm32h7xx_it.o
                0x08000d26                SysTick_Handler
 *fill*         0x08000d32        0x2 
 .text.TIM1_UP_IRQHandler
                0x08000d34       0x14 ./Core/Src/stm32h7xx_it.o
                0x08000d34                TIM1_UP_IRQHandler
 .text.TIM1_CC_IRQHandler
                0x08000d48       0x14 ./Core/Src/stm32h7xx_it.o
                0x08000d48                TIM1_CC_IRQHandler
 .text.TIM2_IRQHandler
                0x08000d5c       0x14 ./Core/Src/stm32h7xx_it.o
                0x08000d5c                TIM2_IRQHandler
 .text.EXTI15_10_IRQHandler
                0x08000d70        0xe ./Core/Src/stm32h7xx_it.o
                0x08000d70                EXTI15_10_IRQHandler
 .text.FLASH_IRQHandler
                0x08000d7e        0xc ./Core/Src/stm32h7xx_it.o
                0x08000d7e                FLASH_IRQHandler
 .text._getpid  0x08000d8a       0x10 ./Core/Src/syscalls.o
                0x08000d8a                _getpid
 .text._kill    0x08000d9a       0x20 ./Core/Src/syscalls.o
                0x08000d9a                _kill
 .text._exit    0x08000dba       0x16 ./Core/Src/syscalls.o
                0x08000dba                _exit
 .text._read    0x08000dd0       0x3a ./Core/Src/syscalls.o
                0x08000dd0                _read
 .text._write   0x08000e0a       0x38 ./Core/Src/syscalls.o
                0x08000e0a                _write
 .text._close   0x08000e42       0x18 ./Core/Src/syscalls.o
                0x08000e42                _close
 .text._fstat   0x08000e5a       0x20 ./Core/Src/syscalls.o
                0x08000e5a                _fstat
 .text._isatty  0x08000e7a       0x16 ./Core/Src/syscalls.o
                0x08000e7a                _isatty
 .text._lseek   0x08000e90       0x1a ./Core/Src/syscalls.o
                0x08000e90                _lseek
 *fill*         0x08000eaa        0x2 
 .text._sbrk    0x08000eac       0x6c ./Core/Src/sysmem.o
                0x08000eac                _sbrk
 .text.SystemInit
                0x08000f18      0x120 ./Core/Src/system_stm32h7xx.o
                0x08000f18                SystemInit
 .text.ExitRun0Mode
                0x08001038       0x30 ./Core/Src/system_stm32h7xx.o
                0x08001038                ExitRun0Mode
 .text.MX_TIM1_Init
                0x08001068       0xf0 ./Core/Src/tim.o
                0x08001068                MX_TIM1_Init
 .text.MX_TIM2_Init
                0x08001158       0x9c ./Core/Src/tim.o
                0x08001158                MX_TIM2_Init
 .text.HAL_TIM_Base_MspInit
                0x080011f4       0xf0 ./Core/Src/tim.o
                0x080011f4                HAL_TIM_Base_MspInit
 .text.dbg_count
                0x080012e4       0x1c ./Core/Src/tim1_drv.o
                0x080012e4                dbg_count
 .text.dbg_empty
                0x08001300       0x24 ./Core/Src/tim1_drv.o
 .text.dbg_full
                0x08001324       0x2c ./Core/Src/tim1_drv.o
 .text.dbg_get_overflow
                0x08001350       0x18 ./Core/Src/tim1_drv.o
                0x08001350                dbg_get_overflow
 .text.HAL_TIM_PeriodElapsedCallback
                0x08001368       0x84 ./Core/Src/tim1_drv.o
                0x08001368                HAL_TIM_PeriodElapsedCallback
 .text.dbg_push_isr
                0x080013ec       0x98 ./Core/Src/tim1_drv.o
                0x080013ec                dbg_push_isr
 .text.dbg_pop  0x08001484       0x64 ./Core/Src/tim1_drv.o
                0x08001484                dbg_pop
 .text.HAL_TIM_IC_CaptureCallback
                0x080014e8      0x148 ./Core/Src/tim1_drv.o
                0x080014e8                HAL_TIM_IC_CaptureCallback
 .text.Reset_Handler
                0x08001630       0x54 ./Core/Startup/startup_stm32h7a3zitxq.o
                0x08001630                Reset_Handler
 .text.Default_Handler
                0x08001684        0x2 ./Core/Startup/startup_stm32h7a3zitxq.o
                0x08001684                RTC_Alarm_IRQHandler
                0x08001684                EXTI2_IRQHandler
                0x08001684                TIM8_CC_IRQHandler
                0x08001684                UART8_IRQHandler
                0x08001684                BDMA2_Channel1_IRQHandler
                0x08001684                SPI4_IRQHandler
                0x08001684                BDMA2_Channel0_IRQHandler
                0x08001684                DMA2_Stream5_IRQHandler
                0x08001684                JPEG_IRQHandler
                0x08001684                DMA1_Stream5_IRQHandler
                0x08001684                EXTI3_IRQHandler
                0x08001684                LPTIM4_IRQHandler
                0x08001684                TIM8_TRG_COM_TIM14_IRQHandler
                0x08001684                LPTIM2_IRQHandler
                0x08001684                DFSDM1_FLT1_IRQHandler
                0x08001684                DMAMUX2_OVR_IRQHandler
                0x08001684                GFXMMU_IRQHandler
                0x08001684                TIM8_UP_TIM13_IRQHandler
                0x08001684                I2C3_ER_IRQHandler
                0x08001684                DFSDM1_FLT2_IRQHandler
                0x08001684                USART10_IRQHandler
                0x08001684                MDMA_IRQHandler
                0x08001684                LPTIM3_IRQHandler
                0x08001684                BDMA2_Channel3_IRQHandler
                0x08001684                HSEM1_IRQHandler
                0x08001684                EXTI0_IRQHandler
                0x08001684                I2C2_EV_IRQHandler
                0x08001684                DAC2_IRQHandler
                0x08001684                DMA1_Stream2_IRQHandler
                0x08001684                FPU_IRQHandler
                0x08001684                OTG_HS_WKUP_IRQHandler
                0x08001684                FDCAN1_IT1_IRQHandler
                0x08001684                LTDC_ER_IRQHandler
                0x08001684                DMA2_Stream2_IRQHandler
                0x08001684                SPI1_IRQHandler
                0x08001684                OCTOSPI1_IRQHandler
                0x08001684                TIM6_DAC_IRQHandler
                0x08001684                BDMA2_Channel6_IRQHandler
                0x08001684                DMA2_Stream3_IRQHandler
                0x08001684                OCTOSPI2_IRQHandler
                0x08001684                SAI2_IRQHandler
                0x08001684                BDMA1_IRQHandler
                0x08001684                DFSDM1_FLT3_IRQHandler
                0x08001684                USART6_IRQHandler
                0x08001684                TIM17_IRQHandler
                0x08001684                USART3_IRQHandler
                0x08001684                LPTIM5_IRQHandler
                0x08001684                UART5_IRQHandler
                0x08001684                DMA2_Stream0_IRQHandler
                0x08001684                TIM4_IRQHandler
                0x08001684                I2C1_EV_IRQHandler
                0x08001684                DMA1_Stream6_IRQHandler
                0x08001684                DMAMUX1_OVR_IRQHandler
                0x08001684                DMA1_Stream1_IRQHandler
                0x08001684                TIM16_IRQHandler
                0x08001684                UART4_IRQHandler
                0x08001684                TIM3_IRQHandler
                0x08001684                RCC_IRQHandler
                0x08001684                UART9_IRQHandler
                0x08001684                TIM8_BRK_TIM12_IRQHandler
                0x08001684                TIM1_TRG_COM_IRQHandler
                0x08001684                Default_Handler
                0x08001684                ECC_IRQHandler
                0x08001684                BDMA2_Channel2_IRQHandler
                0x08001684                CEC_IRQHandler
                0x08001684                DFSDM1_FLT4_IRQHandler
                0x08001684                ADC_IRQHandler
                0x08001684                DMA1_Stream7_IRQHandler
                0x08001684                SPI5_IRQHandler
                0x08001684                TIM7_IRQHandler
                0x08001684                SDMMC1_IRQHandler
                0x08001684                TIM5_IRQHandler
                0x08001684                DMA2_Stream7_IRQHandler
                0x08001684                TIM15_IRQHandler
                0x08001684                I2C3_EV_IRQHandler
                0x08001684                DFSDM2_IRQHandler
                0x08001684                EXTI9_5_IRQHandler
                0x08001684                RTC_WKUP_IRQHandler
                0x08001684                LTDC_IRQHandler
                0x08001684                SPDIF_RX_IRQHandler
                0x08001684                PVD_PVM_IRQHandler
                0x08001684                SPI2_IRQHandler
                0x08001684                OTG_HS_EP1_IN_IRQHandler
                0x08001684                DFSDM1_FLT5_IRQHandler
                0x08001684                DMA1_Stream0_IRQHandler
                0x08001684                CRS_IRQHandler
                0x08001684                EXTI4_IRQHandler
                0x08001684                DFSDM1_FLT6_IRQHandler
                0x08001684                RNG_IRQHandler
                0x08001684                FDCAN2_IT1_IRQHandler
                0x08001684                COMP_IRQHandler
                0x08001684                OTG_HS_EP1_OUT_IRQHandler
                0x08001684                WWDG_IRQHandler
                0x08001684                SPI6_IRQHandler
                0x08001684                MDIOS_IRQHandler
                0x08001684                I2C4_EV_IRQHandler
                0x08001684                FDCAN2_IT0_IRQHandler
                0x08001684                LPUART1_IRQHandler
                0x08001684                FDCAN1_IT0_IRQHandler
                0x08001684                BDMA2_Channel5_IRQHandler
                0x08001684                OTG_HS_IRQHandler
                0x08001684                DMA2D_IRQHandler
                0x08001684                TIM1_BRK_IRQHandler
                0x08001684                EXTI1_IRQHandler
                0x08001684                SDMMC2_IRQHandler
                0x08001684                DTS_IRQHandler
                0x08001684                UART7_IRQHandler
                0x08001684                MDIOS_WKUP_IRQHandler
                0x08001684                USART2_IRQHandler
                0x08001684                DFSDM1_FLT0_IRQHandler
                0x08001684                I2C2_ER_IRQHandler
                0x08001684                DMA2_Stream1_IRQHandler
                0x08001684                DFSDM1_FLT7_IRQHandler
                0x08001684                DMA2_Stream4_IRQHandler
                0x08001684                USART1_IRQHandler
                0x08001684                SPI3_IRQHandler
                0x08001684                WAKEUP_PIN_IRQHandler
                0x08001684                DMA1_Stream4_IRQHandler
                0x08001684                I2C1_ER_IRQHandler
                0x08001684                FMC_IRQHandler
                0x08001684                BDMA2_Channel7_IRQHandler
                0x08001684                FDCAN_CAL_IRQHandler
                0x08001684                SWPMI1_IRQHandler
                0x08001684                LPTIM1_IRQHandler
                0x08001684                DCMI_PSSI_IRQHandler
                0x08001684                I2C4_ER_IRQHandler
                0x08001684                DMA2_Stream6_IRQHandler
                0x08001684                SAI1_IRQHandler
                0x08001684                DMA1_Stream3_IRQHandler
                0x08001684                RTC_TAMP_STAMP_CSS_LSE_IRQHandler
                0x08001684                BDMA2_Channel4_IRQHandler
 *fill*         0x08001686        0x2 
 .text.BSP_LED_Init
                0x08001688       0xec ./Drivers/BSP/STM32H7xx_Nucleo/stm32h7xx_nucleo.o
                0x08001688                BSP_LED_Init
 .text.BSP_LED_On
                0x08001774       0x54 ./Drivers/BSP/STM32H7xx_Nucleo/stm32h7xx_nucleo.o
                0x08001774                BSP_LED_On
 .text.BSP_LED_Toggle
                0x080017c8       0x54 ./Drivers/BSP/STM32H7xx_Nucleo/stm32h7xx_nucleo.o
                0x080017c8                BSP_LED_Toggle
 .text.BSP_PB_Init
                0x0800181c       0xe4 ./Drivers/BSP/STM32H7xx_Nucleo/stm32h7xx_nucleo.o
                0x0800181c                BSP_PB_Init
 .text.BSP_PB_IRQHandler
                0x08001900       0x24 ./Drivers/BSP/STM32H7xx_Nucleo/stm32h7xx_nucleo.o
                0x08001900                BSP_PB_IRQHandler
 .text.BSP_COM_Init
                0x08001924       0x60 ./Drivers/BSP/STM32H7xx_Nucleo/stm32h7xx_nucleo.o
                0x08001924                BSP_COM_Init
 .text.MX_USART3_Init
                0x08001984       0x64 ./Drivers/BSP/STM32H7xx_Nucleo/stm32h7xx_nucleo.o
                0x08001984                MX_USART3_Init
 .text.__io_putchar
                0x080019e8       0x38 ./Drivers/BSP/STM32H7xx_Nucleo/stm32h7xx_nucleo.o
                0x080019e8                __io_putchar
 .text.BUTTON_USER_EXTI_Callback
                0x08001a20        0xe ./Drivers/BSP/STM32H7xx_Nucleo/stm32h7xx_nucleo.o
 *fill*         0x08001a2e        0x2 
 .text.COM1_MspInit
                0x08001a30       0xb0 ./Drivers/BSP/STM32H7xx_Nucleo/stm32h7xx_nucleo.o
 .text.HAL_Init
                0x08001ae0       0x78 ./Drivers/STM32H7xx_HAL_Driver/Src/stm32h7xx_hal.o
                0x08001ae0                HAL_Init
 .text.HAL_InitTick
                0x08001b58       0x6c ./Drivers/STM32H7xx_HAL_Driver/Src/stm32h7xx_hal.o
                0x08001b58                HAL_InitTick
 .text.HAL_IncTick
                0x08001bc4       0x28 ./Drivers/STM32H7xx_HAL_Driver/Src/stm32h7xx_hal.o
                0x08001bc4                HAL_IncTick
 .text.HAL_GetTick
                0x08001bec       0x18 ./Drivers/STM32H7xx_HAL_Driver/Src/stm32h7xx_hal.o
                0x08001bec                HAL_GetTick
 .text.__NVIC_SetPriorityGrouping
                0x08001c04       0x48 ./Drivers/STM32H7xx_HAL_Driver/Src/stm32h7xx_hal_cortex.o
 .text.__NVIC_GetPriorityGrouping
                0x08001c4c       0x1c ./Drivers/STM32H7xx_HAL_Driver/Src/stm32h7xx_hal_cortex.o
 .text.__NVIC_EnableIRQ
                0x08001c68       0x3c ./Drivers/STM32H7xx_HAL_Driver/Src/stm32h7xx_hal_cortex.o
 .text.__NVIC_SetPriority
                0x08001ca4       0x54 ./Drivers/STM32H7xx_HAL_Driver/Src/stm32h7xx_hal_cortex.o
 .text.NVIC_EncodePriority
                0x08001cf8       0x66 ./Drivers/STM32H7xx_HAL_Driver/Src/stm32h7xx_hal_cortex.o
 *fill*         0x08001d5e        0x2 
 .text.SysTick_Config
                0x08001d60       0x44 ./Drivers/STM32H7xx_HAL_Driver/Src/stm32h7xx_hal_cortex.o
 .text.HAL_NVIC_SetPriorityGrouping
                0x08001da4       0x16 ./Drivers/STM32H7xx_HAL_Driver/Src/stm32h7xx_hal_cortex.o
                0x08001da4                HAL_NVIC_SetPriorityGrouping
 .text.HAL_NVIC_SetPriority
                0x08001dba       0x34 ./Drivers/STM32H7xx_HAL_Driver/Src/stm32h7xx_hal_cortex.o
                0x08001dba                HAL_NVIC_SetPriority
 .text.HAL_NVIC_EnableIRQ
                0x08001dee       0x1c ./Drivers/STM32H7xx_HAL_Driver/Src/stm32h7xx_hal_cortex.o
                0x08001dee                HAL_NVIC_EnableIRQ
 .text.HAL_SYSTICK_Config
                0x08001e0a       0x18 ./Drivers/STM32H7xx_HAL_Driver/Src/stm32h7xx_hal_cortex.o
                0x08001e0a                HAL_SYSTICK_Config
 *fill*         0x08001e22        0x2 
 .text.HAL_MPU_Disable
                0x08001e24       0x30 ./Drivers/STM32H7xx_HAL_Driver/Src/stm32h7xx_hal_cortex.o
                0x08001e24                HAL_MPU_Disable
 .text.HAL_MPU_Enable
                0x08001e54       0x40 ./Drivers/STM32H7xx_HAL_Driver/Src/stm32h7xx_hal_cortex.o
                0x08001e54                HAL_MPU_Enable
 .text.HAL_MPU_ConfigRegion
                0x08001e94       0x80 ./Drivers/STM32H7xx_HAL_Driver/Src/stm32h7xx_hal_cortex.o
                0x08001e94                HAL_MPU_ConfigRegion
 .text.HAL_EXTI_RegisterCallback
                0x08001f14       0x3e ./Drivers/STM32H7xx_HAL_Driver/Src/stm32h7xx_hal_exti.o
                0x08001f14                HAL_EXTI_RegisterCallback
 .text.HAL_EXTI_GetHandle
                0x08001f52       0x28 ./Drivers/STM32H7xx_HAL_Driver/Src/stm32h7xx_hal_exti.o
                0x08001f52                HAL_EXTI_GetHandle
 *fill*         0x08001f7a        0x2 
 .text.HAL_EXTI_IRQHandler
                0x08001f7c       0x60 ./Drivers/STM32H7xx_HAL_Driver/Src/stm32h7xx_hal_exti.o
                0x08001f7c                HAL_EXTI_IRQHandler
 .text.HAL_FLASH_IRQHandler
                0x08001fdc      0x2b4 ./Drivers/STM32H7xx_HAL_Driver/Src/stm32h7xx_hal_flash.o
                0x08001fdc                HAL_FLASH_IRQHandler
 .text.HAL_FLASH_Lock
                0x08002290       0x54 ./Drivers/STM32H7xx_HAL_Driver/Src/stm32h7xx_hal_flash.o
                0x08002290                HAL_FLASH_Lock
 .text.HAL_FLASH_GetError
                0x080022e4       0x18 ./Drivers/STM32H7xx_HAL_Driver/Src/stm32h7xx_hal_flash.o
                0x080022e4                HAL_FLASH_GetError
 .text.FLASH_Erase_Sector
                0x080022fc       0x74 ./Drivers/STM32H7xx_HAL_Driver/Src/stm32h7xx_hal_flash_ex.o
                0x080022fc                FLASH_Erase_Sector
 .text.HAL_GPIO_Init
                0x08002370      0x360 ./Drivers/STM32H7xx_HAL_Driver/Src/stm32h7xx_hal_gpio.o
                0x08002370                HAL_GPIO_Init
 .text.HAL_GPIO_WritePin
                0x080026d0       0x32 ./Drivers/STM32H7xx_HAL_Driver/Src/stm32h7xx_hal_gpio.o
                0x080026d0                HAL_GPIO_WritePin
 .text.HAL_GPIO_TogglePin
                0x08002702       0x34 ./Drivers/STM32H7xx_HAL_Driver/Src/stm32h7xx_hal_gpio.o
                0x08002702                HAL_GPIO_TogglePin
 *fill*         0x08002736        0x2 
 .text.HAL_PWREx_ConfigSupply
                0x08002738       0xb4 ./Drivers/STM32H7xx_HAL_Driver/Src/stm32h7xx_hal_pwr_ex.o
                0x08002738                HAL_PWREx_ConfigSupply
 .text.HAL_RCC_OscConfig
                0x080027ec      0x864 ./Drivers/STM32H7xx_HAL_Driver/Src/stm32h7xx_hal_rcc.o
                0x080027ec                HAL_RCC_OscConfig
 .text.HAL_RCC_ClockConfig
                0x08003050      0x36c ./Drivers/STM32H7xx_HAL_Driver/Src/stm32h7xx_hal_rcc.o
                0x08003050                HAL_RCC_ClockConfig
 .text.HAL_RCC_GetSysClockFreq
                0x080033bc      0x2f4 ./Drivers/STM32H7xx_HAL_Driver/Src/stm32h7xx_hal_rcc.o
                0x080033bc                HAL_RCC_GetSysClockFreq
 .text.HAL_RCC_GetHCLKFreq
                0x080036b0       0x60 ./Drivers/STM32H7xx_HAL_Driver/Src/stm32h7xx_hal_rcc.o
                0x080036b0                HAL_RCC_GetHCLKFreq
 .text.HAL_RCC_GetPCLK1Freq
                0x08003710       0x2c ./Drivers/STM32H7xx_HAL_Driver/Src/stm32h7xx_hal_rcc.o
                0x08003710                HAL_RCC_GetPCLK1Freq
 .text.HAL_RCC_GetPCLK2Freq
                0x0800373c       0x2c ./Drivers/STM32H7xx_HAL_Driver/Src/stm32h7xx_hal_rcc.o
                0x0800373c                HAL_RCC_GetPCLK2Freq
 .text.HAL_RCCEx_GetD3PCLK1Freq
                0x08003768       0x2c ./Drivers/STM32H7xx_HAL_Driver/Src/stm32h7xx_hal_rcc_ex.o
                0x08003768                HAL_RCCEx_GetD3PCLK1Freq
 .text.HAL_RCCEx_GetPLL2ClockFreq
                0x08003794      0x2a8 ./Drivers/STM32H7xx_HAL_Driver/Src/stm32h7xx_hal_rcc_ex.o
                0x08003794                HAL_RCCEx_GetPLL2ClockFreq
 .text.HAL_RCCEx_GetPLL3ClockFreq
                0x08003a3c      0x2a8 ./Drivers/STM32H7xx_HAL_Driver/Src/stm32h7xx_hal_rcc_ex.o
                0x08003a3c                HAL_RCCEx_GetPLL3ClockFreq
 .text.HAL_TIM_Base_Init
                0x08003ce4       0xae ./Drivers/STM32H7xx_HAL_Driver/Src/stm32h7xx_hal_tim.o
                0x08003ce4                HAL_TIM_Base_Init
 *fill*         0x08003d92        0x2 
 .text.HAL_TIM_Base_Start
                0x08003d94       0xe0 ./Drivers/STM32H7xx_HAL_Driver/Src/stm32h7xx_hal_tim.o
                0x08003d94                HAL_TIM_Base_Start
 .text.HAL_TIM_Base_Start_IT
                0x08003e74       0xf0 ./Drivers/STM32H7xx_HAL_Driver/Src/stm32h7xx_hal_tim.o
                0x08003e74                HAL_TIM_Base_Start_IT
 .text.HAL_TIM_IC_Init
                0x08003f64       0xae ./Drivers/STM32H7xx_HAL_Driver/Src/stm32h7xx_hal_tim.o
                0x08003f64                HAL_TIM_IC_Init
 .text.HAL_TIM_IC_MspInit
                0x08004012       0x14 ./Drivers/STM32H7xx_HAL_Driver/Src/stm32h7xx_hal_tim.o
                0x08004012                HAL_TIM_IC_MspInit
 *fill*         0x08004026        0x2 
 .text.HAL_TIM_IC_Start_IT
                0x08004028      0x2a0 ./Drivers/STM32H7xx_HAL_Driver/Src/stm32h7xx_hal_tim.o
                0x08004028                HAL_TIM_IC_Start_IT
 .text.HAL_TIM_IRQHandler
                0x080042c8      0x20e ./Drivers/STM32H7xx_HAL_Driver/Src/stm32h7xx_hal_tim.o
                0x080042c8                HAL_TIM_IRQHandler
 .text.HAL_TIM_IC_ConfigChannel
                0x080044d6      0x138 ./Drivers/STM32H7xx_HAL_Driver/Src/stm32h7xx_hal_tim.o
                0x080044d6                HAL_TIM_IC_ConfigChannel
 *fill*         0x0800460e        0x2 
 .text.HAL_TIM_ConfigClockSource
                0x08004610      0x1f0 ./Drivers/STM32H7xx_HAL_Driver/Src/stm32h7xx_hal_tim.o
                0x08004610                HAL_TIM_ConfigClockSource
 .text.HAL_TIM_ReadCapturedValue
                0x08004800       0x88 ./Drivers/STM32H7xx_HAL_Driver/Src/stm32h7xx_hal_tim.o
                0x08004800                HAL_TIM_ReadCapturedValue
 .text.HAL_TIM_OC_DelayElapsedCallback
                0x08004888       0x14 ./Drivers/STM32H7xx_HAL_Driver/Src/stm32h7xx_hal_tim.o
                0x08004888                HAL_TIM_OC_DelayElapsedCallback
 .text.HAL_TIM_PWM_PulseFinishedCallback
                0x0800489c       0x14 ./Drivers/STM32H7xx_HAL_Driver/Src/stm32h7xx_hal_tim.o
                0x0800489c                HAL_TIM_PWM_PulseFinishedCallback
 .text.HAL_TIM_TriggerCallback
                0x080048b0       0x14 ./Drivers/STM32H7xx_HAL_Driver/Src/stm32h7xx_hal_tim.o
                0x080048b0                HAL_TIM_TriggerCallback
 .text.TIM_Base_SetConfig
                0x080048c4      0x140 ./Drivers/STM32H7xx_HAL_Driver/Src/stm32h7xx_hal_tim.o
                0x080048c4                TIM_Base_SetConfig
 .text.TIM_TI1_SetConfig
                0x08004a04       0xe8 ./Drivers/STM32H7xx_HAL_Driver/Src/stm32h7xx_hal_tim.o
                0x08004a04                TIM_TI1_SetConfig
 .text.TIM_TI1_ConfigInputStage
                0x08004aec       0x5e ./Drivers/STM32H7xx_HAL_Driver/Src/stm32h7xx_hal_tim.o
 .text.TIM_TI2_SetConfig
                0x08004b4a       0x7a ./Drivers/STM32H7xx_HAL_Driver/Src/stm32h7xx_hal_tim.o
 .text.TIM_TI2_ConfigInputStage
                0x08004bc4       0x60 ./Drivers/STM32H7xx_HAL_Driver/Src/stm32h7xx_hal_tim.o
 .text.TIM_TI3_SetConfig
                0x08004c24       0x78 ./Drivers/STM32H7xx_HAL_Driver/Src/stm32h7xx_hal_tim.o
 .text.TIM_TI4_SetConfig
                0x08004c9c       0x7a ./Drivers/STM32H7xx_HAL_Driver/Src/stm32h7xx_hal_tim.o
 *fill*         0x08004d16        0x2 
 .text.TIM_ITRx_SetConfig
                0x08004d18       0x3c ./Drivers/STM32H7xx_HAL_Driver/Src/stm32h7xx_hal_tim.o
 .text.TIM_ETR_SetConfig
                0x08004d54       0x40 ./Drivers/STM32H7xx_HAL_Driver/Src/stm32h7xx_hal_tim.o
                0x08004d54                TIM_ETR_SetConfig
 .text.TIM_CCxChannelCmd
                0x08004d94       0x4a ./Drivers/STM32H7xx_HAL_Driver/Src/stm32h7xx_hal_tim.o
                0x08004d94                TIM_CCxChannelCmd
 *fill*         0x08004dde        0x2 
 .text.HAL_TIMEx_MasterConfigSynchronization
                0x08004de0      0x11c ./Drivers/STM32H7xx_HAL_Driver/Src/stm32h7xx_hal_tim_ex.o
                0x08004de0                HAL_TIMEx_MasterConfigSynchronization
 .text.HAL_TIMEx_CommutCallback
                0x08004efc       0x14 ./Drivers/STM32H7xx_HAL_Driver/Src/stm32h7xx_hal_tim_ex.o
                0x08004efc                HAL_TIMEx_CommutCallback
 .text.HAL_TIMEx_BreakCallback
                0x08004f10       0x14 ./Drivers/STM32H7xx_HAL_Driver/Src/stm32h7xx_hal_tim_ex.o
                0x08004f10                HAL_TIMEx_BreakCallback
 .text.HAL_TIMEx_Break2Callback
                0x08004f24       0x14 ./Drivers/STM32H7xx_HAL_Driver/Src/stm32h7xx_hal_tim_ex.o
                0x08004f24                HAL_TIMEx_Break2Callback
 .text.HAL_UART_Init
                0x08004f38       0xa0 ./Drivers/STM32H7xx_HAL_Driver/Src/stm32h7xx_hal_uart.o
                0x08004f38                HAL_UART_Init
 .text.HAL_UART_MspInit
                0x08004fd8       0x14 ./Drivers/STM32H7xx_HAL_Driver/Src/stm32h7xx_hal_uart.o
                0x08004fd8                HAL_UART_MspInit
 .text.HAL_UART_Transmit
                0x08004fec      0x11c ./Drivers/STM32H7xx_HAL_Driver/Src/stm32h7xx_hal_uart.o
                0x08004fec                HAL_UART_Transmit
 .text.UART_SetConfig
                0x08005108      0xcd8 ./Drivers/STM32H7xx_HAL_Driver/Src/stm32h7xx_hal_uart.o
                0x08005108                UART_SetConfig
 .text.UART_AdvFeatureConfig
                0x08005de0      0x144 ./Drivers/STM32H7xx_HAL_Driver/Src/stm32h7xx_hal_uart.o
                0x08005de0                UART_AdvFeatureConfig
 .text.UART_CheckIdleState
                0x08005f24      0x154 ./Drivers/STM32H7xx_HAL_Driver/Src/stm32h7xx_hal_uart.o
                0x08005f24                UART_CheckIdleState
 .text.UART_WaitOnFlagUntilTimeout
                0x08006078       0xda ./Drivers/STM32H7xx_HAL_Driver/Src/stm32h7xx_hal_uart.o
                0x08006078                UART_WaitOnFlagUntilTimeout
 *fill*         0x08006152        0x2 
 .text.UART_EndRxTransfer
                0x08006154       0xcc ./Drivers/STM32H7xx_HAL_Driver/Src/stm32h7xx_hal_uart.o
 .text.std      0x08006220       0x6c /opt/st/stm32cubeide_1.19.0/plugins/com.st.stm32cube.ide.mcu.externaltools.gnu-tools-for-stm32.13.3.rel1.linux64_1.0.0.202410170706/tools/bin/../lib/gcc/arm-none-eabi/13.3.1/../../../../arm-none-eabi/lib/thumb/v7e-m+dp/hard/libc.a(libc_a-findfp.o)
 .text.stdio_exit_handler
                0x0800628c       0x18 /opt/st/stm32cubeide_1.19.0/plugins/com.st.stm32cube.ide.mcu.externaltools.gnu-tools-for-stm32.13.3.rel1.linux64_1.0.0.202410170706/tools/bin/../lib/gcc/arm-none-eabi/13.3.1/../../../../arm-none-eabi/lib/thumb/v7e-m+dp/hard/libc.a(libc_a-findfp.o)
 .text.cleanup_stdio
                0x080062a4       0x40 /opt/st/stm32cubeide_1.19.0/plugins/com.st.stm32cube.ide.mcu.externaltools.gnu-tools-for-stm32.13.3.rel1.linux64_1.0.0.202410170706/tools/bin/../lib/gcc/arm-none-eabi/13.3.1/../../../../arm-none-eabi/lib/thumb/v7e-m+dp/hard/libc.a(libc_a-findfp.o)
 .text.global_stdio_init.part.0
                0x080062e4       0x3c /opt/st/stm32cubeide_1.19.0/plugins/com.st.stm32cube.ide.mcu.externaltools.gnu-tools-for-stm32.13.3.rel1.linux64_1.0.0.202410170706/tools/bin/../lib/gcc/arm-none-eabi/13.3.1/../../../../arm-none-eabi/lib/thumb/v7e-m+dp/hard/libc.a(libc_a-findfp.o)
 .text.__sfp_lock_acquire
                0x08006320        0xc /opt/st/stm32cubeide_1.19.0/plugins/com.st.stm32cube.ide.mcu.externaltools.gnu-tools-for-stm32.13.3.rel1.linux64_1.0.0.202410170706/tools/bin/../lib/gcc/arm-none-eabi/13.3.1/../../../../arm-none-eabi/lib/thumb/v7e-m+dp/hard/libc.a(libc_a-findfp.o)
                0x08006320                __sfp_lock_acquire
 .text.__sfp_lock_release
                0x0800632c        0xc /opt/st/stm32cubeide_1.19.0/plugins/com.st.stm32cube.ide.mcu.externaltools.gnu-tools-for-stm32.13.3.rel1.linux64_1.0.0.202410170706/tools/bin/../lib/gcc/arm-none-eabi/13.3.1/../../../../arm-none-eabi/lib/thumb/v7e-m+dp/hard/libc.a(libc_a-findfp.o)
                0x0800632c                __sfp_lock_release
 .text.__sinit  0x08006338       0x30 /opt/st/stm32cubeide_1.19.0/plugins/com.st.stm32cube.ide.mcu.externaltools.gnu-tools-for-stm32.13.3.rel1.linux64_1.0.0.202410170706/tools/bin/../lib/gcc/arm-none-eabi/13.3.1/../../../../arm-none-eabi/lib/thumb/v7e-m+dp/hard/libc.a(libc_a-findfp.o)
                0x08006338                __sinit
 .text._fwalk_sglue
                0x08006368       0x3c /opt/st/stm32cubeide_1.19.0/plugins/com.st.stm32cube.ide.mcu.externaltools.gnu-tools-for-stm32.13.3.rel1.linux64_1.0.0.202410170706/tools/bin/../lib/gcc/arm-none-eabi/13.3.1/../../../../arm-none-eabi/lib/thumb/v7e-m+dp/hard/libc.a(libc_a-fwalk.o)
                0x08006368                _fwalk_sglue
 .text.printf   0x080063a4       0x24 /opt/st/stm32cubeide_1.19.0/plugins/com.st.stm32cube.ide.mcu.externaltools.gnu-tools-for-stm32.13.3.rel1.linux64_1.0.0.202410170706/tools/bin/../lib/gcc/arm-none-eabi/13.3.1/../../../../arm-none-eabi/lib/thumb/v7e-m+dp/hard/libc.a(libc_a-printf.o)
                0x080063a4                printf
 .text.__sread  0x080063c8       0x22 /opt/st/stm32cubeide_1.19.0/plugins/com.st.stm32cube.ide.mcu.externaltools.gnu-tools-for-stm32.13.3.rel1.linux64_1.0.0.202410170706/tools/bin/../lib/gcc/arm-none-eabi/13.3.1/../../../../arm-none-eabi/lib/thumb/v7e-m+dp/hard/libc.a(libc_a-stdio.o)
                0x080063c8                __sread
 .text.__swrite
                0x080063ea       0x38 /opt/st/stm32cubeide_1.19.0/plugins/com.st.stm32cube.ide.mcu.externaltools.gnu-tools-for-stm32.13.3.rel1.linux64_1.0.0.202410170706/tools/bin/../lib/gcc/arm-none-eabi/13.3.1/../../../../arm-none-eabi/lib/thumb/v7e-m+dp/hard/libc.a(libc_a-stdio.o)
                0x080063ea                __swrite
 .text.__sseek  0x08006422       0x24 /opt/st/stm32cubeide_1.19.0/plugins/com.st.stm32cube.ide.mcu.externaltools.gnu-tools-for-stm32.13.3.rel1.linux64_1.0.0.202410170706/tools/bin/../lib/gcc/arm-none-eabi/13.3.1/../../../../arm-none-eabi/lib/thumb/v7e-m+dp/hard/libc.a(libc_a-stdio.o)
                0x08006422                __sseek
 .text.__sclose
                0x08006446        0x8 /opt/st/stm32cubeide_1.19.0/plugins/com.st.stm32cube.ide.mcu.externaltools.gnu-tools-for-stm32.13.3.rel1.linux64_1.0.0.202410170706/tools/bin/../lib/gcc/arm-none-eabi/13.3.1/../../../../arm-none-eabi/lib/thumb/v7e-m+dp/hard/libc.a(libc_a-stdio.o)
                0x08006446                __sclose
 .text.memset   0x0800644e       0x10 /opt/st/stm32cubeide_1.19.0/plugins/com.st.stm32cube.ide.mcu.externaltools.gnu-tools-for-stm32.13.3.rel1.linux64_1.0.0.202410170706/tools/bin/../lib/gcc/arm-none-eabi/13.3.1/../../../../arm-none-eabi/lib/thumb/v7e-m+dp/hard/libc.a(libc_a-memset.o)
                0x0800644e                memset
 *fill*         0x0800645e        0x2 
 .text._close_r
                0x08006460       0x20 /opt/st/stm32cubeide_1.19.0/plugins/com.st.stm32cube.ide.mcu.externaltools.gnu-tools-for-stm32.13.3.rel1.linux64_1.0.0.202410170706/tools/bin/../lib/gcc/arm-none-eabi/13.3.1/../../../../arm-none-eabi/lib/thumb/v7e-m+dp/hard/libc.a(libc_a-closer.o)
                0x08006460                _close_r
 .text._lseek_r
                0x08006480       0x24 /opt/st/stm32cubeide_1.19.0/plugins/com.st.stm32cube.ide.mcu.externaltools.gnu-tools-for-stm32.13.3.rel1.linux64_1.0.0.202410170706/tools/bin/../lib/gcc/arm-none-eabi/13.3.1/../../../../arm-none-eabi/lib/thumb/v7e-m+dp/hard/libc.a(libc_a-lseekr.o)
                0x08006480                _lseek_r
 .text._read_r  0x080064a4       0x24 /opt/st/stm32cubeide_1.19.0/plugins/com.st.stm32cube.ide.mcu.externaltools.gnu-tools-for-stm32.13.3.rel1.linux64_1.0.0.202410170706/tools/bin/../lib/gcc/arm-none-eabi/13.3.1/../../../../arm-none-eabi/lib/thumb/v7e-m+dp/hard/libc.a(libc_a-readr.o)
                0x080064a4                _read_r
 .text._write_r
                0x080064c8       0x24 /opt/st/stm32cubeide_1.19.0/plugins/com.st.stm32cube.ide.mcu.externaltools.gnu-tools-for-stm32.13.3.rel1.linux64_1.0.0.202410170706/tools/bin/../lib/gcc/arm-none-eabi/13.3.1/../../../../arm-none-eabi/lib/thumb/v7e-m+dp/hard/libc.a(libc_a-writer.o)
                0x080064c8                _write_r
 .text.__errno  0x080064ec        0xc /opt/st/stm32cubeide_1.19.0/plugins/com.st.stm32cube.ide.mcu.externaltools.gnu-tools-for-stm32.13.3.rel1.linux64_1.0.0.202410170706/tools/bin/../lib/gcc/arm-none-eabi/13.3.1/../../../../arm-none-eabi/lib/thumb/v7e-m+dp/hard/libc.a(libc_a-errno.o)
                0x080064ec                __errno
 .text.__libc_init_array
                0x080064f8       0x48 /opt/st/stm32cubeide_1.19.0/plugins/com.st.stm32cube.ide.mcu.externaltools.gnu-tools-for-stm32.13.3.rel1.linux64_1.0.0.202410170706/tools/bin/../lib/gcc/arm-none-eabi/13.3.1/../../../../arm-none-eabi/lib/thumb/v7e-m+dp/hard/libc.a(libc_a-init.o)
                0x080064f8                __libc_init_array
 .text.__retarget_lock_init_recursive
                0x08006540        0x2 /opt/st/stm32cubeide_1.19.0/plugins/com.st.stm32cube.ide.mcu.externaltools.gnu-tools-for-stm32.13.3.rel1.linux64_1.0.0.202410170706/tools/bin/../lib/gcc/arm-none-eabi/13.3.1/../../../../arm-none-eabi/lib/thumb/v7e-m+dp/hard/libc.a(libc_a-lock.o)
                0x08006540                __retarget_lock_init_recursive
 .text.__retarget_lock_close_recursive
                0x08006542        0x2 /opt/st/stm32cubeide_1.19.0/plugins/com.st.stm32cube.ide.mcu.externaltools.gnu-tools-for-stm32.13.3.rel1.linux64_1.0.0.202410170706/tools/bin/../lib/gcc/arm-none-eabi/13.3.1/../../../../arm-none-eabi/lib/thumb/v7e-m+dp/hard/libc.a(libc_a-lock.o)
                0x08006542                __retarget_lock_close_recursive
 .text.__retarget_lock_acquire_recursive
                0x08006544        0x2 /opt/st/stm32cubeide_1.19.0/plugins/com.st.stm32cube.ide.mcu.externaltools.gnu-tools-for-stm32.13.3.rel1.linux64_1.0.0.202410170706/tools/bin/../lib/gcc/arm-none-eabi/13.3.1/../../../../arm-none-eabi/lib/thumb/v7e-m+dp/hard/libc.a(libc_a-lock.o)
                0x08006544                __retarget_lock_acquire_recursive
 .text.__retarget_lock_release_recursive
                0x08006546        0x2 /opt/st/stm32cubeide_1.19.0/plugins/com.st.stm32cube.ide.mcu.externaltools.gnu-tools-for-stm32.13.3.rel1.linux64_1.0.0.202410170706/tools/bin/../lib/gcc/arm-none-eabi/13.3.1/../../../../arm-none-eabi/lib/thumb/v7e-m+dp/hard/libc.a(libc_a-lock.o)
                0x08006546                __retarget_lock_release_recursive
 .text.memcpy   0x08006548       0x1c /opt/st/stm32cubeide_1.19.0/plugins/com.st.stm32cube.ide.mcu.externaltools.gnu-tools-for-stm32.13.3.rel1.linux64_1.0.0.202410170706/tools/bin/../lib/gcc/arm-none-eabi/13.3.1/../../../../arm-none-eabi/lib/thumb/v7e-m+dp/hard/libc.a(libc_a-memcpy-stub.o)
                0x08006548                memcpy
 .text.startup.register_fini
                0x08006564       0x14 /opt/st/stm32cubeide_1.19.0/plugins/com.st.stm32cube.ide.mcu.externaltools.gnu-tools-for-stm32.13.3.rel1.linux64_1.0.0.202410170706/tools/bin/../lib/gcc/arm-none-eabi/13.3.1/../../../../arm-none-eabi/lib/thumb/v7e-m+dp/hard/libc.a(libc_a-__call_atexit.o)
 .text.atexit   0x08006578        0xc /opt/st/stm32cubeide_1.19.0/plugins/com.st.stm32cube.ide.mcu.externaltools.gnu-tools-for-stm32.13.3.rel1.linux64_1.0.0.202410170706/tools/bin/../lib/gcc/arm-none-eabi/13.3.1/../../../../arm-none-eabi/lib/thumb/v7e-m+dp/hard/libc.a(libc_a-atexit.o)
                0x08006578                atexit
 .text._malloc_trim_r
                0x08006584       0xac /opt/st/stm32cubeide_1.19.0/plugins/com.st.stm32cube.ide.mcu.externaltools.gnu-tools-for-stm32.13.3.rel1.linux64_1.0.0.202410170706/tools/bin/../lib/gcc/arm-none-eabi/13.3.1/../../../../arm-none-eabi/lib/thumb/v7e-m+dp/hard/libc.a(libc_a-freer.o)
                0x08006584                _malloc_trim_r
 .text._free_r  0x08006630      0x180 /opt/st/stm32cubeide_1.19.0/plugins/com.st.stm32cube.ide.mcu.externaltools.gnu-tools-for-stm32.13.3.rel1.linux64_1.0.0.202410170706/tools/bin/../lib/gcc/arm-none-eabi/13.3.1/../../../../arm-none-eabi/lib/thumb/v7e-m+dp/hard/libc.a(libc_a-freer.o)
                0x08006630                _free_r
 .text._malloc_r
                0x080067b0      0x474 /opt/st/stm32cubeide_1.19.0/plugins/com.st.stm32cube.ide.mcu.externaltools.gnu-tools-for-stm32.13.3.rel1.linux64_1.0.0.202410170706/tools/bin/../lib/gcc/arm-none-eabi/13.3.1/../../../../arm-none-eabi/lib/thumb/v7e-m+dp/hard/libc.a(libc_a-mallocr.o)
                0x080067b0                _malloc_r
 .text.__malloc_lock
                0x08006c24        0xc /opt/st/stm32cubeide_1.19.0/plugins/com.st.stm32cube.ide.mcu.externaltools.gnu-tools-for-stm32.13.3.rel1.linux64_1.0.0.202410170706/tools/bin/../lib/gcc/arm-none-eabi/13.3.1/../../../../arm-none-eabi/lib/thumb/v7e-m+dp/hard/libc.a(libc_a-mlock.o)
                0x08006c24                __malloc_lock
 .text.__malloc_unlock
                0x08006c30        0xc /opt/st/stm32cubeide_1.19.0/plugins/com.st.stm32cube.ide.mcu.externaltools.gnu-tools-for-stm32.13.3.rel1.linux64_1.0.0.202410170706/tools/bin/../lib/gcc/arm-none-eabi/13.3.1/../../../../arm-none-eabi/lib/thumb/v7e-m+dp/hard/libc.a(libc_a-mlock.o)
                0x08006c30                __malloc_unlock
 *fill*         0x08006c3c        0x4 
 .text._vfprintf_r
                0x08006c40     0x13c4 /opt/st/stm32cubeide_1.19.0/plugins/com.st.stm32cube.ide.mcu.externaltools.gnu-tools-for-stm32.13.3.rel1.linux64_1.0.0.202410170706/tools/bin/../lib/gcc/arm-none-eabi/13.3.1/../../../../arm-none-eabi/lib/thumb/v7e-m+dp/hard/libc.a(libc_a-vfprintf.o)
                0x08006c40                _vfprintf_r
 .text.__sbprintf
                0x08008004       0x80 /opt/st/stm32cubeide_1.19.0/plugins/com.st.stm32cube.ide.mcu.externaltools.gnu-tools-for-stm32.13.3.rel1.linux64_1.0.0.202410170706/tools/bin/../lib/gcc/arm-none-eabi/13.3.1/../../../../arm-none-eabi/lib/thumb/v7e-m+dp/hard/libc.a(libc_a-vfprintf.o)
 .text.__sprint_r
                0x08008084       0x1a /opt/st/stm32cubeide_1.19.0/plugins/com.st.stm32cube.ide.mcu.externaltools.gnu-tools-for-stm32.13.3.rel1.linux64_1.0.0.202410170706/tools/bin/../lib/gcc/arm-none-eabi/13.3.1/../../../../arm-none-eabi/lib/thumb/v7e-m+dp/hard/libc.a(libc_a-sprint_r.o)
                0x08008084                __sprint_r
 .text._fclose_r
                0x0800809e       0xac /opt/st/stm32cubeide_1.19.0/plugins/com.st.stm32cube.ide.mcu.externaltools.gnu-tools-for-stm32.13.3.rel1.linux64_1.0.0.202410170706/tools/bin/../lib/gcc/arm-none-eabi/13.3.1/../../../../arm-none-eabi/lib/thumb/v7e-m+dp/hard/libc.a(libc_a-fclose.o)
                0x0800809e                _fclose_r
 *fill*         0x0800814a        0x2 
 .text.__sflush_r
                0x0800814c      0x110 /opt/st/stm32cubeide_1.19.0/plugins/com.st.stm32cube.ide.mcu.externaltools.gnu-tools-for-stm32.13.3.rel1.linux64_1.0.0.202410170706/tools/bin/../lib/gcc/arm-none-eabi/13.3.1/../../../../arm-none-eabi/lib/thumb/v7e-m+dp/hard/libc.a(libc_a-fflush.o)
                0x0800814c                __sflush_r
 .text._fflush_r
                0x0800825c       0x4a /opt/st/stm32cubeide_1.19.0/plugins/com.st.stm32cube.ide.mcu.externaltools.gnu-tools-for-stm32.13.3.rel1.linux64_1.0.0.202410170706/tools/bin/../lib/gcc/arm-none-eabi/13.3.1/../../../../arm-none-eabi/lib/thumb/v7e-m+dp/hard/libc.a(libc_a-fflush.o)
                0x0800825c                _fflush_r
 *fill*         0x080082a6        0x2 
 .text.__sfvwrite_r
                0x080082a8      0x298 /opt/st/stm32cubeide_1.19.0/plugins/com.st.stm32cube.ide.mcu.externaltools.gnu-tools-for-stm32.13.3.rel1.linux64_1.0.0.202410170706/tools/bin/../lib/gcc/arm-none-eabi/13.3.1/../../../../arm-none-eabi/lib/thumb/v7e-m+dp/hard/libc.a(libc_a-fvwrite.o)
                0x080082a8                __sfvwrite_r
 .text.__swsetup_r
                0x08008540       0xac /opt/st/stm32cubeide_1.19.0/plugins/com.st.stm32cube.ide.mcu.externaltools.gnu-tools-for-stm32.13.3.rel1.linux64_1.0.0.202410170706/tools/bin/../lib/gcc/arm-none-eabi/13.3.1/../../../../arm-none-eabi/lib/thumb/v7e-m+dp/hard/libc.a(libc_a-wsetup.o)
                0x08008540                __swsetup_r
 .text.memmove  0x080085ec       0x34 /opt/st/stm32cubeide_1.19.0/plugins/com.st.stm32cube.ide.mcu.externaltools.gnu-tools-for-stm32.13.3.rel1.linux64_1.0.0.202410170706/tools/bin/../lib/gcc/arm-none-eabi/13.3.1/../../../../arm-none-eabi/lib/thumb/v7e-m+dp/hard/libc.a(libc_a-memmove.o)
                0x080085ec                memmove
 .text.strncpy  0x08008620       0x26 /opt/st/stm32cubeide_1.19.0/plugins/com.st.stm32cube.ide.mcu.externaltools.gnu-tools-for-stm32.13.3.rel1.linux64_1.0.0.202410170706/tools/bin/../lib/gcc/arm-none-eabi/13.3.1/../../../../arm-none-eabi/lib/thumb/v7e-m+dp/hard/libc.a(libc_a-strncpy.o)
                0x08008620                strncpy
 *fill*         0x08008646        0x2 
 .text._localeconv_r
                0x08008648        0x8 /opt/st/stm32cubeide_1.19.0/plugins/com.st.stm32cube.ide.mcu.externaltools.gnu-tools-for-stm32.13.3.rel1.linux64_1.0.0.202410170706/tools/bin/../lib/gcc/arm-none-eabi/13.3.1/../../../../arm-none-eabi/lib/thumb/v7e-m+dp/hard/libc.a(libc_a-localeconv.o)
                0x08008648                _localeconv_r
 .text._sbrk_r  0x08008650       0x20 /opt/st/stm32cubeide_1.19.0/plugins/com.st.stm32cube.ide.mcu.externaltools.gnu-tools-for-stm32.13.3.rel1.linux64_1.0.0.202410170706/tools/bin/../lib/gcc/arm-none-eabi/13.3.1/../../../../arm-none-eabi/lib/thumb/v7e-m+dp/hard/libc.a(libc_a-sbrkr.o)
                0x08008650                _sbrk_r
 .text.__libc_fini_array
                0x08008670       0x28 /opt/st/stm32cubeide_1.19.0/plugins/com.st.stm32cube.ide.mcu.externaltools.gnu-tools-for-stm32.13.3.rel1.linux64_1.0.0.202410170706/tools/bin/../lib/gcc/arm-none-eabi/13.3.1/../../../../arm-none-eabi/lib/thumb/v7e-m+dp/hard/libc.a(libc_a-fini.o)
                0x08008670                __libc_fini_array
 .text.sysconf  0x08008698       0x18 /opt/st/stm32cubeide_1.19.0/plugins/com.st.stm32cube.ide.mcu.externaltools.gnu-tools-for-stm32.13.3.rel1.linux64_1.0.0.202410170706/tools/bin/../lib/gcc/arm-none-eabi/13.3.1/../../../../arm-none-eabi/lib/thumb/v7e-m+dp/hard/libc.a(libc_a-sysconf.o)
                0x08008698                sysconf
 .text.frexp    0x080086b0       0x68 /opt/st/stm32cubeide_1.19.0/plugins/com.st.stm32cube.ide.mcu.externaltools.gnu-tools-for-stm32.13.3.rel1.linux64_1.0.0.202410170706/tools/bin/../lib/gcc/arm-none-eabi/13.3.1/../../../../arm-none-eabi/lib/thumb/v7e-m+dp/hard/libc.a(libm_a-s_frexp.o)
                0x080086b0                frexp
 .text.__register_exitproc
                0x08008718       0x80 /opt/st/stm32cubeide_1.19.0/plugins/com.st.stm32cube.ide.mcu.externaltools.gnu-tools-for-stm32.13.3.rel1.linux64_1.0.0.202410170706/tools/bin/../lib/gcc/arm-none-eabi/13.3.1/../../../../arm-none-eabi/lib/thumb/v7e-m+dp/hard/libc.a(libc_a-__atexit.o)
                0x08008718                __register_exitproc
 .text.quorem   0x08008798      0x110 /opt/st/stm32cubeide_1.19.0/plugins/com.st.stm32cube.ide.mcu.externaltools.gnu-tools-for-stm32.13.3.rel1.linux64_1.0.0.202410170706/tools/bin/../lib/gcc/arm-none-eabi/13.3.1/../../../../arm-none-eabi/lib/thumb/v7e-m+dp/hard/libc.a(libc_a-dtoa.o)
 .text._dtoa_r  0x080088a8      0xa88 /opt/st/stm32cubeide_1.19.0/plugins/com.st.stm32cube.ide.mcu.externaltools.gnu-tools-for-stm32.13.3.rel1.linux64_1.0.0.202410170706/tools/bin/../lib/gcc/arm-none-eabi/13.3.1/../../../../arm-none-eabi/lib/thumb/v7e-m+dp/hard/libc.a(libc_a-dtoa.o)
                0x080088a8                _dtoa_r
 .text._Balloc  0x08009330       0x4a /opt/st/stm32cubeide_1.19.0/plugins/com.st.stm32cube.ide.mcu.externaltools.gnu-tools-for-stm32.13.3.rel1.linux64_1.0.0.202410170706/tools/bin/../lib/gcc/arm-none-eabi/13.3.1/../../../../arm-none-eabi/lib/thumb/v7e-m+dp/hard/libc.a(libc_a-mprec.o)
                0x08009330                _Balloc
 .text._Bfree   0x0800937a       0x12 /opt/st/stm32cubeide_1.19.0/plugins/com.st.stm32cube.ide.mcu.externaltools.gnu-tools-for-stm32.13.3.rel1.linux64_1.0.0.202410170706/tools/bin/../lib/gcc/arm-none-eabi/13.3.1/../../../../arm-none-eabi/lib/thumb/v7e-m+dp/hard/libc.a(libc_a-mprec.o)
                0x0800937a                _Bfree
 .text.__multadd
                0x0800938c       0x8c /opt/st/stm32cubeide_1.19.0/plugins/com.st.stm32cube.ide.mcu.externaltools.gnu-tools-for-stm32.13.3.rel1.linux64_1.0.0.202410170706/tools/bin/../lib/gcc/arm-none-eabi/13.3.1/../../../../arm-none-eabi/lib/thumb/v7e-m+dp/hard/libc.a(libc_a-mprec.o)
                0x0800938c                __multadd
 .text.__hi0bits
                0x08009418       0x3e /opt/st/stm32cubeide_1.19.0/plugins/com.st.stm32cube.ide.mcu.externaltools.gnu-tools-for-stm32.13.3.rel1.linux64_1.0.0.202410170706/tools/bin/../lib/gcc/arm-none-eabi/13.3.1/../../../../arm-none-eabi/lib/thumb/v7e-m+dp/hard/libc.a(libc_a-mprec.o)
                0x08009418                __hi0bits
 .text.__lo0bits
                0x08009456       0x5a /opt/st/stm32cubeide_1.19.0/plugins/com.st.stm32cube.ide.mcu.externaltools.gnu-tools-for-stm32.13.3.rel1.linux64_1.0.0.202410170706/tools/bin/../lib/gcc/arm-none-eabi/13.3.1/../../../../arm-none-eabi/lib/thumb/v7e-m+dp/hard/libc.a(libc_a-mprec.o)
                0x08009456                __lo0bits
 .text.__i2b    0x080094b0       0x2c /opt/st/stm32cubeide_1.19.0/plugins/com.st.stm32cube.ide.mcu.externaltools.gnu-tools-for-stm32.13.3.rel1.linux64_1.0.0.202410170706/tools/bin/../lib/gcc/arm-none-eabi/13.3.1/../../../../arm-none-eabi/lib/thumb/v7e-m+dp/hard/libc.a(libc_a-mprec.o)
                0x080094b0                __i2b
 .text.__multiply
                0x080094dc      0x144 /opt/st/stm32cubeide_1.19.0/plugins/com.st.stm32cube.ide.mcu.externaltools.gnu-tools-for-stm32.13.3.rel1.linux64_1.0.0.202410170706/tools/bin/../lib/gcc/arm-none-eabi/13.3.1/../../../../arm-none-eabi/lib/thumb/v7e-m+dp/hard/libc.a(libc_a-mprec.o)
                0x080094dc                __multiply
 .text.__pow5mult
                0x08009620       0x80 /opt/st/stm32cubeide_1.19.0/plugins/com.st.stm32cube.ide.mcu.externaltools.gnu-tools-for-stm32.13.3.rel1.linux64_1.0.0.202410170706/tools/bin/../lib/gcc/arm-none-eabi/13.3.1/../../../../arm-none-eabi/lib/thumb/v7e-m+dp/hard/libc.a(libc_a-mprec.o)
                0x08009620                __pow5mult
 .text.__lshift
                0x080096a0       0xd8 /opt/st/stm32cubeide_1.19.0/plugins/com.st.stm32cube.ide.mcu.externaltools.gnu-tools-for-stm32.13.3.rel1.linux64_1.0.0.202410170706/tools/bin/../lib/gcc/arm-none-eabi/13.3.1/../../../../arm-none-eabi/lib/thumb/v7e-m+dp/hard/libc.a(libc_a-mprec.o)
                0x080096a0                __lshift
 .text.__mcmp   0x08009778       0x36 /opt/st/stm32cubeide_1.19.0/plugins/com.st.stm32cube.ide.mcu.externaltools.gnu-tools-for-stm32.13.3.rel1.linux64_1.0.0.202410170706/tools/bin/../lib/gcc/arm-none-eabi/13.3.1/../../../../arm-none-eabi/lib/thumb/v7e-m+dp/hard/libc.a(libc_a-mprec.o)
                0x08009778                __mcmp
 *fill*         0x080097ae        0x2 
 .text.__mdiff  0x080097b0      0x128 /opt/st/stm32cubeide_1.19.0/plugins/com.st.stm32cube.ide.mcu.externaltools.gnu-tools-for-stm32.13.3.rel1.linux64_1.0.0.202410170706/tools/bin/../lib/gcc/arm-none-eabi/13.3.1/../../../../arm-none-eabi/lib/thumb/v7e-m+dp/hard/libc.a(libc_a-mprec.o)
                0x080097b0                __mdiff
 .text.__d2b    0x080098d8       0xb0 /opt/st/stm32cubeide_1.19.0/plugins/com.st.stm32cube.ide.mcu.externaltools.gnu-tools-for-stm32.13.3.rel1.linux64_1.0.0.202410170706/tools/bin/../lib/gcc/arm-none-eabi/13.3.1/../../../../arm-none-eabi/lib/thumb/v7e-m+dp/hard/libc.a(libc_a-mprec.o)
                0x080098d8                __d2b
 .text._realloc_r
                0x08009988      0x350 /opt/st/stm32cubeide_1.19.0/plugins/com.st.stm32cube.ide.mcu.externaltools.gnu-tools-for-stm32.13.3.rel1.linux64_1.0.0.202410170706/tools/bin/../lib/gcc/arm-none-eabi/13.3.1/../../../../arm-none-eabi/lib/thumb/v7e-m+dp/hard/libc.a(libc_a-reallocr.o)
                0x08009988                _realloc_r
 .text.__swhatbuf_r
                0x08009cd8       0x50 /opt/st/stm32cubeide_1.19.0/plugins/com.st.stm32cube.ide.mcu.externaltools.gnu-tools-for-stm32.13.3.rel1.linux64_1.0.0.202410170706/tools/bin/../lib/gcc/arm-none-eabi/13.3.1/../../../../arm-none-eabi/lib/thumb/v7e-m+dp/hard/libc.a(libc_a-makebuf.o)
                0x08009cd8                __swhatbuf_r
 .text.__smakebuf_r
                0x08009d28       0x78 /opt/st/stm32cubeide_1.19.0/plugins/com.st.stm32cube.ide.mcu.externaltools.gnu-tools-for-stm32.13.3.rel1.linux64_1.0.0.202410170706/tools/bin/../lib/gcc/arm-none-eabi/13.3.1/../../../../arm-none-eabi/lib/thumb/v7e-m+dp/hard/libc.a(libc_a-makebuf.o)
                0x08009d28                __smakebuf_r
 .text._fstat_r
                0x08009da0       0x24 /opt/st/stm32cubeide_1.19.0/plugins/com.st.stm32cube.ide.mcu.externaltools.gnu-tools-for-stm32.13.3.rel1.linux64_1.0.0.202410170706/tools/bin/../lib/gcc/arm-none-eabi/13.3.1/../../../../arm-none-eabi/lib/thumb/v7e-m+dp/hard/libc.a(libc_a-fstatr.o)
                0x08009da0                _fstat_r
 .text._isatty_r
                0x08009dc4       0x20 /opt/st/stm32cubeide_1.19.0/plugins/com.st.stm32cube.ide.mcu.externaltools.gnu-tools-for-stm32.13.3.rel1.linux64_1.0.0.202410170706/tools/bin/../lib/gcc/arm-none-eabi/13.3.1/../../../../arm-none-eabi/lib/thumb/v7e-m+dp/hard/libc.a(libc_a-isattyr.o)
                0x08009dc4                _isatty_r
 .text.__assert_func
                0x08009de4       0x3c /opt/st/stm32cubeide_1.19.0/plugins/com.st.stm32cube.ide.mcu.externaltools.gnu-tools-for-stm32.13.3.rel1.linux64_1.0.0.202410170706/tools/bin/../lib/gcc/arm-none-eabi/13.3.1/../../../../arm-none-eabi/lib/thumb/v7e-m+dp/hard/libc.a(libc_a-assert.o)
                0x08009de4                __assert_func
 .text._calloc_r
                0x08009e20       0x6a /opt/st/stm32cubeide_1.19.0/plugins/com.st.stm32cube.ide.mcu.externaltools.gnu-tools-for-stm32.13.3.rel1.linux64_1.0.0.202410170706/tools/bin/../lib/gcc/arm-none-eabi/13.3.1/../../../../arm-none-eabi/lib/thumb/v7e-m+dp/hard/libc.a(libc_a-callocr.o)
                0x08009e20                _calloc_r
 .text.__ascii_mbtowc
                0x08009e8a       0x24 /opt/st/stm32cubeide_1.19.0/plugins/com.st.stm32cube.ide.mcu.externaltools.gnu-tools-for-stm32.13.3.rel1.linux64_1.0.0.202410170706/tools/bin/../lib/gcc/arm-none-eabi/13.3.1/../../../../arm-none-eabi/lib/thumb/v7e-m+dp/hard/libc.a(libc_a-mbtowc_r.o)
                0x08009e8a                __ascii_mbtowc
 .text.__ascii_wctomb
                0x08009eae       0x1a /opt/st/stm32cubeide_1.19.0/plugins/com.st.stm32cube.ide.mcu.externaltools.gnu-tools-for-stm32.13.3.rel1.linux64_1.0.0.202410170706/tools/bin/../lib/gcc/arm-none-eabi/13.3.1/../../../../arm-none-eabi/lib/thumb/v7e-m+dp/hard/libc.a(libc_a-wctomb_r.o)
                0x08009eae                __ascii_wctomb
 .text.fiprintf
                0x08009ec8       0x24 /opt/st/stm32cubeide_1.19.0/plugins/com.st.stm32cube.ide.mcu.externaltools.gnu-tools-for-stm32.13.3.rel1.linux64_1.0.0.202410170706/tools/bin/../lib/gcc/arm-none-eabi/13.3.1/../../../../arm-none-eabi/lib/thumb/v7e-m+dp/hard/libc.a(libc_a-fiprintf.o)
                0x08009ec8                fiprintf
 .text._vfiprintf_r
                0x08009eec      0x910 /opt/st/stm32cubeide_1.19.0/plugins/com.st.stm32cube.ide.mcu.externaltools.gnu-tools-for-stm32.13.3.rel1.linux64_1.0.0.202410170706/tools/bin/../lib/gcc/arm-none-eabi/13.3.1/../../../../arm-none-eabi/lib/thumb/v7e-m+dp/hard/libc.a(libc_a-vfiprintf.o)
                0x08009eec                _vfiprintf_r
 .text.__sbprintf
                0x0800a7fc       0x80 /opt/st/stm32cubeide_1.19.0/plugins/com.st.stm32cube.ide.mcu.externaltools.gnu-tools-for-stm32.13.3.rel1.linux64_1.0.0.202410170706/tools/bin/../lib/gcc/arm-none-eabi/13.3.1/../../../../arm-none-eabi/lib/thumb/v7e-m+dp/hard/libc.a(libc_a-vfiprintf.o)
 .text.abort    0x0800a87c        0xe /opt/st/stm32cubeide_1.19.0/plugins/com.st.stm32cube.ide.mcu.externaltools.gnu-tools-for-stm32.13.3.rel1.linux64_1.0.0.202410170706/tools/bin/../lib/gcc/arm-none-eabi/13.3.1/../../../../arm-none-eabi/lib/thumb/v7e-m+dp/hard/libc.a(libc_a-abort.o)
                0x0800a87c                abort
 .text._raise_r
                0x0800a88a       0x52 /opt/st/stm32cubeide_1.19.0/plugins/com.st.stm32cube.ide.mcu.externaltools.gnu-tools-for-stm32.13.3.rel1.linux64_1.0.0.202410170706/tools/bin/../lib/gcc/arm-none-eabi/13.3.1/../../../../arm-none-eabi/lib/thumb/v7e-m+dp/hard/libc.a(libc_a-signal.o)
                0x0800a88a                _raise_r
 .text.raise    0x0800a8dc       0x10 /opt/st/stm32cubeide_1.19.0/plugins/com.st.stm32cube.ide.mcu.externaltools.gnu-tools-for-stm32.13.3.rel1.linux64_1.0.0.202410170706/tools/bin/../lib/gcc/arm-none-eabi/13.3.1/../../../../arm-none-eabi/lib/thumb/v7e-m+dp/hard/libc.a(libc_a-signal.o)
                0x0800a8dc                raise
 .text._kill_r  0x0800a8ec       0x24 /opt/st/stm32cubeide_1.19.0/plugins/com.st.stm32cube.ide.mcu.externaltools.gnu-tools-for-stm32.13.3.rel1.linux64_1.0.0.202410170706/tools/bin/../lib/gcc/arm-none-eabi/13.3.1/../../../../arm-none-eabi/lib/thumb/v7e-m+dp/hard/libc.a(libc_a-signalr.o)
                0x0800a8ec                _kill_r
 .text._getpid_r
                0x0800a910        0x4 /opt/st/stm32cubeide_1.19.0/plugins/com.st.stm32cube.ide.mcu.externaltools.gnu-tools-for-stm32.13.3.rel1.linux64_1.0.0.202410170706/tools/bin/../lib/gcc/arm-none-eabi/13.3.1/../../../../arm-none-eabi/lib/thumb/v7e-m+dp/hard/libc.a(libc_a-signalr.o)
                0x0800a910                _getpid_r
 *(.glue_7)
 .glue_7        0x0800a914        0x0 linker stubs
 *(.glue_7t)
 .glue_7t       0x0800a914        0x0 linker stubs
 *(.eh_frame)
 .eh_frame      0x0800a914        0x0 /opt/st/stm32cubeide_1.19.0/plugins/com.st.stm32cube.ide.mcu.externaltools.gnu-tools-for-stm32.13.3.rel1.linux64_1.0.0.202410170706/tools/bin/../lib/gcc/arm-none-eabi/13.3.1/thumb/v7e-m+dp/hard/crtbegin.o
 *(.init)
 .init          0x0800a914        0x4 /opt/st/stm32cubeide_1.19.0/plugins/com.st.stm32cube.ide.mcu.externaltools.gnu-tools-for-stm32.13.3.rel1.linux64_1.0.0.202410170706/tools/bin/../lib/gcc/arm-none-eabi/13.3.1/thumb/v7e-m+dp/hard/crti.o
                0x0800a914                _init
 .init          0x0800a918        0x8 /opt/st/stm32cubeide_1.19.0/plugins/com.st.stm32cube.ide.mcu.externaltools.gnu-tools-for-stm32.13.3.rel1.linux64_1.0.0.202410170706/tools/bin/../lib/gcc/arm-none-eabi/13.3.1/thumb/v7e-m+dp/hard/crtn.o
 *(.fini)
 .fini          0x0800a920        0x4 /opt/st/stm32cubeide_1.19.0/plugins/com.st.stm32cube.ide.mcu.externaltools.gnu-tools-for-stm32.13.3.rel1.linux64_1.0.0.202410170706/tools/bin/../lib/gcc/arm-none-eabi/13.3.1/thumb/v7e-m+dp/hard/crti.o
                0x0800a920                _fini
 .fini          0x0800a924        0x8 /opt/st/stm32cubeide_1.19.0/plugins/com.st.stm32cube.ide.mcu.externaltools.gnu-tools-for-stm32.13.3.rel1.linux64_1.0.0.202410170706/tools/bin/../lib/gcc/arm-none-eabi/13.3.1/thumb/v7e-m+dp/hard/crtn.o
                0x0800a92c                        . = ALIGN (0x4)
                0x0800a92c                        _etext = .

.vfp11_veneer   0x0800a92c        0x0
 .vfp11_veneer  0x0800a92c        0x0 linker stubs

.v4_bx          0x0800a92c        0x0
 .v4_bx         0x0800a92c        0x0 linker stubs

.iplt           0x0800a92c        0x0
 .iplt          0x0800a92c        0x0 /opt/st/stm32cubeide_1.19.0/plugins/com.st.stm32cube.ide.mcu.externaltools.gnu-tools-for-stm32.13.3.rel1.linux64_1.0.0.202410170706/tools/bin/../lib/gcc/arm-none-eabi/13.3.1/thumb/v7e-m+dp/hard/crtbegin.o

.rodata         0x0800a930      0x45c
                0x0800a930                        . = ALIGN (0x4)
 *(.rodata)
 .rodata        0x0800a930       0x9b ./Core/Src/main.o
 *(.rodata*)
 *fill*         0x0800a9cb        0x1 
 .rodata.D1CorePrescTable
                0x0800a9cc       0x10 ./Core/Src/system_stm32h7xx.o
                0x0800a9cc                D1CorePrescTable
 .rodata.LED_PIN
                0x0800a9dc        0x6 ./Drivers/BSP/STM32H7xx_Nucleo/stm32h7xx_nucleo.o
 *fill*         0x0800a9e2        0x2 
 .rodata.BUTTON_EXTI_LINE.2
                0x0800a9e4        0x4 ./Drivers/BSP/STM32H7xx_Nucleo/stm32h7xx_nucleo.o
 .rodata.UARTPrescTable
                0x0800a9e8       0x18 ./Drivers/STM32H7xx_HAL_Driver/Src/stm32h7xx_hal_uart.o
                0x0800a9e8                UARTPrescTable
 .rodata._vfprintf_r.str1.1
                0x0800aa00      0x149 /opt/st/stm32cubeide_1.19.0/plugins/com.st.stm32cube.ide.mcu.externaltools.gnu-tools-for-stm32.13.3.rel1.linux64_1.0.0.202410170706/tools/bin/../lib/gcc/arm-none-eabi/13.3.1/../../../../arm-none-eabi/lib/thumb/v7e-m+dp/hard/libc.a(libc_a-vfprintf.o)
                                 0x34 (size before relaxing)
 .rodata.zeroes.0
                0x0800ab49       0x10 /opt/st/stm32cubeide_1.19.0/plugins/com.st.stm32cube.ide.mcu.externaltools.gnu-tools-for-stm32.13.3.rel1.linux64_1.0.0.202410170706/tools/bin/../lib/gcc/arm-none-eabi/13.3.1/../../../../arm-none-eabi/lib/thumb/v7e-m+dp/hard/libc.a(libc_a-vfprintf.o)
 .rodata.blanks.1
                0x0800ab59       0x10 /opt/st/stm32cubeide_1.19.0/plugins/com.st.stm32cube.ide.mcu.externaltools.gnu-tools-for-stm32.13.3.rel1.linux64_1.0.0.202410170706/tools/bin/../lib/gcc/arm-none-eabi/13.3.1/../../../../arm-none-eabi/lib/thumb/v7e-m+dp/hard/libc.a(libc_a-vfprintf.o)
 .rodata._dtoa_r.str1.1
                0x0800ab69       0x78 /opt/st/stm32cubeide_1.19.0/plugins/com.st.stm32cube.ide.mcu.externaltools.gnu-tools-for-stm32.13.3.rel1.linux64_1.0.0.202410170706/tools/bin/../lib/gcc/arm-none-eabi/13.3.1/../../../../arm-none-eabi/lib/thumb/v7e-m+dp/hard/libc.a(libc_a-dtoa.o)
 .rodata.__multadd.str1.1
                0x0800ab69       0x6a /opt/st/stm32cubeide_1.19.0/plugins/com.st.stm32cube.ide.mcu.externaltools.gnu-tools-for-stm32.13.3.rel1.linux64_1.0.0.202410170706/tools/bin/../lib/gcc/arm-none-eabi/13.3.1/../../../../arm-none-eabi/lib/thumb/v7e-m+dp/hard/libc.a(libc_a-mprec.o)
 *fill*         0x0800ab69        0x3 
 .rodata.p05.0  0x0800ab6c        0xc /opt/st/stm32cubeide_1.19.0/plugins/com.st.stm32cube.ide.mcu.externaltools.gnu-tools-for-stm32.13.3.rel1.linux64_1.0.0.202410170706/tools/bin/../lib/gcc/arm-none-eabi/13.3.1/../../../../arm-none-eabi/lib/thumb/v7e-m+dp/hard/libc.a(libc_a-mprec.o)
 .rodata.__mprec_bigtens
                0x0800ab78       0x28 /opt/st/stm32cubeide_1.19.0/plugins/com.st.stm32cube.ide.mcu.externaltools.gnu-tools-for-stm32.13.3.rel1.linux64_1.0.0.202410170706/tools/bin/../lib/gcc/arm-none-eabi/13.3.1/../../../../arm-none-eabi/lib/thumb/v7e-m+dp/hard/libc.a(libc_a-mprec.o)
                0x0800ab78                __mprec_bigtens
 .rodata.__mprec_tens
                0x0800aba0       0xc8 /opt/st/stm32cubeide_1.19.0/plugins/com.st.stm32cube.ide.mcu.externaltools.gnu-tools-for-stm32.13.3.rel1.linux64_1.0.0.202410170706/tools/bin/../lib/gcc/arm-none-eabi/13.3.1/../../../../arm-none-eabi/lib/thumb/v7e-m+dp/hard/libc.a(libc_a-mprec.o)
                0x0800aba0                __mprec_tens
 .rodata._setlocale_r.str1.1
                0x0800ac68        0x9 /opt/st/stm32cubeide_1.19.0/plugins/com.st.stm32cube.ide.mcu.externaltools.gnu-tools-for-stm32.13.3.rel1.linux64_1.0.0.202410170706/tools/bin/../lib/gcc/arm-none-eabi/13.3.1/../../../../arm-none-eabi/lib/thumb/v7e-m+dp/hard/libc.a(libc_a-locale.o)
 .rodata.str1.1
                0x0800ac68        0x2 /opt/st/stm32cubeide_1.19.0/plugins/com.st.stm32cube.ide.mcu.externaltools.gnu-tools-for-stm32.13.3.rel1.linux64_1.0.0.202410170706/tools/bin/../lib/gcc/arm-none-eabi/13.3.1/../../../../arm-none-eabi/lib/thumb/v7e-m+dp/hard/libc.a(libc_a-locale.o)
 .rodata.__assert_func.str1.1
                0x0800ac68       0x3d /opt/st/stm32cubeide_1.19.0/plugins/com.st.stm32cube.ide.mcu.externaltools.gnu-tools-for-stm32.13.3.rel1.linux64_1.0.0.202410170706/tools/bin/../lib/gcc/arm-none-eabi/13.3.1/../../../../arm-none-eabi/lib/thumb/v7e-m+dp/hard/libc.a(libc_a-assert.o)
 .rodata._ctype_
                0x0800ac68      0x101 /opt/st/stm32cubeide_1.19.0/plugins/com.st.stm32cube.ide.mcu.externaltools.gnu-tools-for-stm32.13.3.rel1.linux64_1.0.0.202410170706/tools/bin/../lib/gcc/arm-none-eabi/13.3.1/../../../../arm-none-eabi/lib/thumb/v7e-m+dp/hard/libc.a(libc_a-ctype_.o)
                0x0800ac68                _ctype_
 .rodata._vfiprintf_r.str1.1
                0x0800ad69       0x22 /opt/st/stm32cubeide_1.19.0/plugins/com.st.stm32cube.ide.mcu.externaltools.gnu-tools-for-stm32.13.3.rel1.linux64_1.0.0.202410170706/tools/bin/../lib/gcc/arm-none-eabi/13.3.1/../../../../arm-none-eabi/lib/thumb/v7e-m+dp/hard/libc.a(libc_a-vfiprintf.o)
 .rodata.zeroes.0
                0x0800ad69       0x10 /opt/st/stm32cubeide_1.19.0/plugins/com.st.stm32cube.ide.mcu.externaltools.gnu-tools-for-stm32.13.3.rel1.linux64_1.0.0.202410170706/tools/bin/../lib/gcc/arm-none-eabi/13.3.1/../../../../arm-none-eabi/lib/thumb/v7e-m+dp/hard/libc.a(libc_a-vfiprintf.o)
 .rodata.blanks.1
                0x0800ad79       0x10 /opt/st/stm32cubeide_1.19.0/plugins/com.st.stm32cube.ide.mcu.externaltools.gnu-tools-for-stm32.13.3.rel1.linux64_1.0.0.202410170706/tools/bin/../lib/gcc/arm-none-eabi/13.3.1/../../../../arm-none-eabi/lib/thumb/v7e-m+dp/hard/libc.a(libc_a-vfiprintf.o)
                0x0800ad8c                        . = ALIGN (0x4)
 *fill*         0x0800ad89        0x3 

.ARM.extab
 *(.ARM.extab* .gnu.linkonce.armextab.*)

.ARM            0x0800ad8c        0x8
                0x0800ad8c                        __exidx_start = .
 *(.ARM.exidx*)
 .ARM.exidx     0x0800ad8c        0x8 /opt/st/stm32cubeide_1.19.0/plugins/com.st.stm32cube.ide.mcu.externaltools.gnu-tools-for-stm32.13.3.rel1.linux64_1.0.0.202410170706/tools/bin/../lib/gcc/arm-none-eabi/13.3.1/../../../../arm-none-eabi/lib/thumb/v7e-m+dp/hard/libc.a(libc_a-strlen.o)
 .ARM.exidx     0x0800ad94        0x0 /opt/st/stm32cubeide_1.19.0/plugins/com.st.stm32cube.ide.mcu.externaltools.gnu-tools-for-stm32.13.3.rel1.linux64_1.0.0.202410170706/tools/bin/../lib/gcc/arm-none-eabi/13.3.1/../../../../arm-none-eabi/lib/thumb/v7e-m+dp/hard/libc.a(libc_a-memchr.o)
                                  0x8 (size before relaxing)
 .ARM.exidx     0x0800ad94        0x0 /opt/st/stm32cubeide_1.19.0/plugins/com.st.stm32cube.ide.mcu.externaltools.gnu-tools-for-stm32.13.3.rel1.linux64_1.0.0.202410170706/tools/bin/../lib/gcc/arm-none-eabi/13.3.1/thumb/v7e-m+dp/hard/libgcc.a(_udivmoddi4.o)
                                  0x8 (size before relaxing)
                0x0800ad94                        __exidx_end = .

.preinit_array  0x0800ad94        0x0
                0x0800ad94                        PROVIDE (__preinit_array_start = .)
 *(.preinit_array*)
                0x0800ad94                        PROVIDE (__preinit_array_end = .)

.init_array     0x0800ad94        0x8
                0x0800ad94                        PROVIDE (__init_array_start = .)
 *(SORT_BY_NAME(.init_array.*))
 .init_array.00000
                0x0800ad94        0x4 /opt/st/stm32cubeide_1.19.0/plugins/com.st.stm32cube.ide.mcu.externaltools.gnu-tools-for-stm32.13.3.rel1.linux64_1.0.0.202410170706/tools/bin/../lib/gcc/arm-none-eabi/13.3.1/../../../../arm-none-eabi/lib/thumb/v7e-m+dp/hard/libc.a(libc_a-__call_atexit.o)
 *(.init_array*)
 .init_array    0x0800ad98        0x4 /opt/st/stm32cubeide_1.19.0/plugins/com.st.stm32cube.ide.mcu.externaltools.gnu-tools-for-stm32.13.3.rel1.linux64_1.0.0.202410170706/tools/bin/../lib/gcc/arm-none-eabi/13.3.1/thumb/v7e-m+dp/hard/crtbegin.o
                0x0800ad9c                        PROVIDE (__init_array_end = .)

.fini_array     0x0800ad9c        0x4
                0x0800ad9c                        PROVIDE (__fini_array_start = .)
 *(SORT_BY_NAME(.fini_array.*))
 *(.fini_array*)
 .fini_array    0x0800ad9c        0x4 /opt/st/stm32cubeide_1.19.0/plugins/com.st.stm32cube.ide.mcu.externaltools.gnu-tools-for-stm32.13.3.rel1.linux64_1.0.0.202410170706/tools/bin/../lib/gcc/arm-none-eabi/13.3.1/thumb/v7e-m+dp/hard/crtbegin.o
                0x0800ada0                        PROVIDE (__fini_array_end = .)

.rel.dyn        0x0800ada0        0x0
 .rel.iplt      0x0800ada0        0x0 /opt/st/stm32cubeide_1.19.0/plugins/com.st.stm32cube.ide.mcu.externaltools.gnu-tools-for-stm32.13.3.rel1.linux64_1.0.0.202410170706/tools/bin/../lib/gcc/arm-none-eabi/13.3.1/thumb/v7e-m+dp/hard/crtbegin.o

.VEEPROMSEG     0x081fe000        0x0
                0x081fe000                        . = ALIGN (0x4)
                0x081fe000                        __start_VEEPROMSEG = .
 *(.VEEPROMSEG)
                0x081fdfff                        __stop_VEEPROMSEG = (. - 0x1)
                0x0800ada0                        _sidata = LOADADDR (.data)

.data           0x24000000      0x700 load address 0x0800ada0
                0x24000000                        . = ALIGN (0x4)
                0x24000000                        _sdata = .
 *(.data)
 *(.data*)
 .data.SystemCoreClock
                0x24000000        0x4 ./Core/Src/system_stm32h7xx.o
                0x24000000                SystemCoreClock
 .data.SystemD2Clock
                0x24000004        0x4 ./Core/Src/system_stm32h7xx.o
                0x24000004                SystemD2Clock
 .data.is_first_capture
                0x24000008        0x1 ./Core/Src/tim1_drv.o
                0x24000008                is_first_capture
 *fill*         0x24000009        0x3 
 .data.COM_USART
                0x2400000c        0x4 ./Drivers/BSP/STM32H7xx_Nucleo/stm32h7xx_nucleo.o
                0x2400000c                COM_USART
 .data.LED_PORT
                0x24000010        0xc ./Drivers/BSP/STM32H7xx_Nucleo/stm32h7xx_nucleo.o
 .data.BUTTON_PORT
                0x2400001c        0x4 ./Drivers/BSP/STM32H7xx_Nucleo/stm32h7xx_nucleo.o
 .data.ButtonCallback.1
                0x24000020        0x4 ./Drivers/BSP/STM32H7xx_Nucleo/stm32h7xx_nucleo.o
 .data.BSP_BUTTON_PRIO.0
                0x24000024        0x4 ./Drivers/BSP/STM32H7xx_Nucleo/stm32h7xx_nucleo.o
 .data.uwTickPrio
                0x24000028        0x4 ./Drivers/STM32H7xx_HAL_Driver/Src/stm32h7xx_hal.o
                0x24000028                uwTickPrio
 .data.uwTickFreq
                0x2400002c        0x1 ./Drivers/STM32H7xx_HAL_Driver/Src/stm32h7xx_hal.o
                0x2400002c                uwTickFreq
 *fill*         0x2400002d        0x3 
 .data.__sglue  0x24000030        0xc /opt/st/stm32cubeide_1.19.0/plugins/com.st.stm32cube.ide.mcu.externaltools.gnu-tools-for-stm32.13.3.rel1.linux64_1.0.0.202410170706/tools/bin/../lib/gcc/arm-none-eabi/13.3.1/../../../../arm-none-eabi/lib/thumb/v7e-m+dp/hard/libc.a(libc_a-findfp.o)
                0x24000030                __sglue
 .data._impure_ptr
                0x2400003c        0x4 /opt/st/stm32cubeide_1.19.0/plugins/com.st.stm32cube.ide.mcu.externaltools.gnu-tools-for-stm32.13.3.rel1.linux64_1.0.0.202410170706/tools/bin/../lib/gcc/arm-none-eabi/13.3.1/../../../../arm-none-eabi/lib/thumb/v7e-m+dp/hard/libc.a(libc_a-impure.o)
                0x2400003c                _impure_ptr
 .data._impure_data
                0x24000040      0x140 /opt/st/stm32cubeide_1.19.0/plugins/com.st.stm32cube.ide.mcu.externaltools.gnu-tools-for-stm32.13.3.rel1.linux64_1.0.0.202410170706/tools/bin/../lib/gcc/arm-none-eabi/13.3.1/../../../../arm-none-eabi/lib/thumb/v7e-m+dp/hard/libc.a(libc_a-impure.o)
                0x24000040                _impure_data
 .data.__atexit_recursive_mutex
                0x24000180        0x4 /opt/st/stm32cubeide_1.19.0/plugins/com.st.stm32cube.ide.mcu.externaltools.gnu-tools-for-stm32.13.3.rel1.linux64_1.0.0.202410170706/tools/bin/../lib/gcc/arm-none-eabi/13.3.1/../../../../arm-none-eabi/lib/thumb/v7e-m+dp/hard/libc.a(libc_a-__call_atexit.o)
                0x24000180                __atexit_recursive_mutex
 .data.__malloc_sbrk_base
                0x24000184        0x4 /opt/st/stm32cubeide_1.19.0/plugins/com.st.stm32cube.ide.mcu.externaltools.gnu-tools-for-stm32.13.3.rel1.linux64_1.0.0.202410170706/tools/bin/../lib/gcc/arm-none-eabi/13.3.1/../../../../arm-none-eabi/lib/thumb/v7e-m+dp/hard/libc.a(libc_a-mallocr.o)
                0x24000184                __malloc_sbrk_base
 .data.__malloc_trim_threshold
                0x24000188        0x4 /opt/st/stm32cubeide_1.19.0/plugins/com.st.stm32cube.ide.mcu.externaltools.gnu-tools-for-stm32.13.3.rel1.linux64_1.0.0.202410170706/tools/bin/../lib/gcc/arm-none-eabi/13.3.1/../../../../arm-none-eabi/lib/thumb/v7e-m+dp/hard/libc.a(libc_a-mallocr.o)
                0x24000188                __malloc_trim_threshold
 .data.__malloc_av_
                0x2400018c      0x408 /opt/st/stm32cubeide_1.19.0/plugins/com.st.stm32cube.ide.mcu.externaltools.gnu-tools-for-stm32.13.3.rel1.linux64_1.0.0.202410170706/tools/bin/../lib/gcc/arm-none-eabi/13.3.1/../../../../arm-none-eabi/lib/thumb/v7e-m+dp/hard/libc.a(libc_a-mallocr.o)
                0x2400018c                __malloc_av_
 .data.__global_locale
                0x24000594      0x16c /opt/st/stm32cubeide_1.19.0/plugins/com.st.stm32cube.ide.mcu.externaltools.gnu-tools-for-stm32.13.3.rel1.linux64_1.0.0.202410170706/tools/bin/../lib/gcc/arm-none-eabi/13.3.1/../../../../arm-none-eabi/lib/thumb/v7e-m+dp/hard/libc.a(libc_a-locale.o)
                0x24000594                __global_locale
 *(.RamFunc)
 *(.RamFunc*)
                0x24000700                        . = ALIGN (0x4)
                0x24000700                        _edata = .

.igot.plt       0x24000700        0x0 load address 0x0800b4a0
 .igot.plt      0x24000700        0x0 /opt/st/stm32cubeide_1.19.0/plugins/com.st.stm32cube.ide.mcu.externaltools.gnu-tools-for-stm32.13.3.rel1.linux64_1.0.0.202410170706/tools/bin/../lib/gcc/arm-none-eabi/13.3.1/thumb/v7e-m+dp/hard/crtbegin.o
                0x24000700                        . = ALIGN (0x4)

.bss            0x24000700     0xa4dc load address 0x0800b4a0
                0x24000700                        _sbss = .
                0x24000700                        __bss_start__ = _sbss
 *(.bss)
 .bss           0x24000700       0x1c /opt/st/stm32cubeide_1.19.0/plugins/com.st.stm32cube.ide.mcu.externaltools.gnu-tools-for-stm32.13.3.rel1.linux64_1.0.0.202410170706/tools/bin/../lib/gcc/arm-none-eabi/13.3.1/thumb/v7e-m+dp/hard/crtbegin.o
 *(.bss*)
 .bss.state     0x2400071c        0x1 ./Core/Src/flash_veeprom.o
 *fill*         0x2400071d        0x3 
 .bss.last_error
                0x24000720        0x4 ./Core/Src/flash_veeprom.o
 .bss.write_dest_addr_base
                0x24000724        0x4 ./Core/Src/flash_veeprom.o
 .bss.write_total_bytes
                0x24000728        0x4 ./Core/Src/flash_veeprom.o
 .bss.write_bytes_done
                0x2400072c        0x4 ./Core/Src/flash_veeprom.o
 .bss.pending_next_chunk
                0x24000730        0x1 ./Core/Src/flash_veeprom.o
 *fill*         0x24000731        0x3 
 .bss.BspCOMInit
                0x24000734       0x10 ./Core/Src/main.o
                0x24000734                BspCOMInit
 .bss.BspButtonState
                0x24000744        0x4 ./Core/Src/main.o
                0x24000744                BspButtonState
 .bss.__sbrk_heap_end
                0x24000748        0x4 ./Core/Src/sysmem.o
 .bss.htim1     0x2400074c       0x4c ./Core/Src/tim.o
                0x2400074c                htim1
 .bss.htim2     0x24000798       0x4c ./Core/Src/tim.o
                0x24000798                htim2
 *fill*         0x240007e4        0x4 
 .bss.dbg_ring  0x240007e8     0xa010 ./Core/Src/tim1_drv.o
 .bss.overflow_count
                0x2400a7f8        0x4 ./Core/Src/tim1_drv.o
                0x2400a7f8                overflow_count
 *fill*         0x2400a7fc        0x4 
 .bss.last_capture
                0x2400a800        0x8 ./Core/Src/tim1_drv.o
                0x2400a800                last_capture
 .bss.id        0x2400a808        0x4 ./Core/Src/tim1_drv.o
                0x2400a808                id
 .bss.count.0   0x2400a80c        0x2 ./Core/Src/tim1_drv.o
 *fill*         0x2400a80e        0x2 
 .bss.hpb_exti  0x2400a810        0x8 ./Drivers/BSP/STM32H7xx_Nucleo/stm32h7xx_nucleo.o
                0x2400a810                hpb_exti
 .bss.hcom_uart
                0x2400a818       0x94 ./Drivers/BSP/STM32H7xx_Nucleo/stm32h7xx_nucleo.o
                0x2400a818                hcom_uart
 .bss.COM_ActiveLogPort
                0x2400a8ac        0x1 ./Drivers/BSP/STM32H7xx_Nucleo/stm32h7xx_nucleo.o
 *fill*         0x2400a8ad        0x3 
 .bss.uwTick    0x2400a8b0        0x4 ./Drivers/STM32H7xx_HAL_Driver/Src/stm32h7xx_hal.o
                0x2400a8b0                uwTick
 .bss.pFlash    0x2400a8b4       0x1c ./Drivers/STM32H7xx_HAL_Driver/Src/stm32h7xx_hal_flash.o
                0x2400a8b4                pFlash
 .bss.__sf      0x2400a8d0      0x138 /opt/st/stm32cubeide_1.19.0/plugins/com.st.stm32cube.ide.mcu.externaltools.gnu-tools-for-stm32.13.3.rel1.linux64_1.0.0.202410170706/tools/bin/../lib/gcc/arm-none-eabi/13.3.1/../../../../arm-none-eabi/lib/thumb/v7e-m+dp/hard/libc.a(libc_a-findfp.o)
                0x2400a8d0                __sf
 .bss.__stdio_exit_handler
                0x2400aa08        0x4 /opt/st/stm32cubeide_1.19.0/plugins/com.st.stm32cube.ide.mcu.externaltools.gnu-tools-for-stm32.13.3.rel1.linux64_1.0.0.202410170706/tools/bin/../lib/gcc/arm-none-eabi/13.3.1/../../../../arm-none-eabi/lib/thumb/v7e-m+dp/hard/libc.a(libc_a-findfp.o)
                0x2400aa08                __stdio_exit_handler
 .bss.errno     0x2400aa0c        0x4 /opt/st/stm32cubeide_1.19.0/plugins/com.st.stm32cube.ide.mcu.externaltools.gnu-tools-for-stm32.13.3.rel1.linux64_1.0.0.202410170706/tools/bin/../lib/gcc/arm-none-eabi/13.3.1/../../../../arm-none-eabi/lib/thumb/v7e-m+dp/hard/libc.a(libc_a-reent.o)
                0x2400aa0c                errno
 .bss.__lock___malloc_recursive_mutex
                0x2400aa10        0x1 /opt/st/stm32cubeide_1.19.0/plugins/com.st.stm32cube.ide.mcu.externaltools.gnu-tools-for-stm32.13.3.rel1.linux64_1.0.0.202410170706/tools/bin/../lib/gcc/arm-none-eabi/13.3.1/../../../../arm-none-eabi/lib/thumb/v7e-m+dp/hard/libc.a(libc_a-lock.o)
                0x2400aa10                __lock___malloc_recursive_mutex
 .bss.__lock___atexit_recursive_mutex
                0x2400aa11        0x1 /opt/st/stm32cubeide_1.19.0/plugins/com.st.stm32cube.ide.mcu.externaltools.gnu-tools-for-stm32.13.3.rel1.linux64_1.0.0.202410170706/tools/bin/../lib/gcc/arm-none-eabi/13.3.1/../../../../arm-none-eabi/lib/thumb/v7e-m+dp/hard/libc.a(libc_a-lock.o)
                0x2400aa11                __lock___atexit_recursive_mutex
 .bss.__lock___sfp_recursive_mutex
                0x2400aa12        0x1 /opt/st/stm32cubeide_1.19.0/plugins/com.st.stm32cube.ide.mcu.externaltools.gnu-tools-for-stm32.13.3.rel1.linux64_1.0.0.202410170706/tools/bin/../lib/gcc/arm-none-eabi/13.3.1/../../../../arm-none-eabi/lib/thumb/v7e-m+dp/hard/libc.a(libc_a-lock.o)
                0x2400aa12                __lock___sfp_recursive_mutex
 *fill*         0x2400aa13        0x1 
 .bss.__atexit  0x2400aa14        0x4 /opt/st/stm32cubeide_1.19.0/plugins/com.st.stm32cube.ide.mcu.externaltools.gnu-tools-for-stm32.13.3.rel1.linux64_1.0.0.202410170706/tools/bin/../lib/gcc/arm-none-eabi/13.3.1/../../../../arm-none-eabi/lib/thumb/v7e-m+dp/hard/libc.a(libc_a-__call_atexit.o)
                0x2400aa14                __atexit
 .bss.__malloc_current_mallinfo
                0x2400aa18       0x28 /opt/st/stm32cubeide_1.19.0/plugins/com.st.stm32cube.ide.mcu.externaltools.gnu-tools-for-stm32.13.3.rel1.linux64_1.0.0.202410170706/tools/bin/../lib/gcc/arm-none-eabi/13.3.1/../../../../arm-none-eabi/lib/thumb/v7e-m+dp/hard/libc.a(libc_a-mallocr.o)
                0x2400aa18                __malloc_current_mallinfo
 .bss.__malloc_max_total_mem
                0x2400aa40        0x4 /opt/st/stm32cubeide_1.19.0/plugins/com.st.stm32cube.ide.mcu.externaltools.gnu-tools-for-stm32.13.3.rel1.linux64_1.0.0.202410170706/tools/bin/../lib/gcc/arm-none-eabi/13.3.1/../../../../arm-none-eabi/lib/thumb/v7e-m+dp/hard/libc.a(libc_a-mallocr.o)
                0x2400aa40                __malloc_max_total_mem
 .bss.__malloc_max_sbrked_mem
                0x2400aa44        0x4 /opt/st/stm32cubeide_1.19.0/plugins/com.st.stm32cube.ide.mcu.externaltools.gnu-tools-for-stm32.13.3.rel1.linux64_1.0.0.202410170706/tools/bin/../lib/gcc/arm-none-eabi/13.3.1/../../../../arm-none-eabi/lib/thumb/v7e-m+dp/hard/libc.a(libc_a-mallocr.o)
                0x2400aa44                __malloc_max_sbrked_mem
 .bss.__malloc_top_pad
                0x2400aa48        0x4 /opt/st/stm32cubeide_1.19.0/plugins/com.st.stm32cube.ide.mcu.externaltools.gnu-tools-for-stm32.13.3.rel1.linux64_1.0.0.202410170706/tools/bin/../lib/gcc/arm-none-eabi/13.3.1/../../../../arm-none-eabi/lib/thumb/v7e-m+dp/hard/libc.a(libc_a-mallocr.o)
                0x2400aa48                __malloc_top_pad
 .bss.__atexit0
                0x2400aa4c      0x190 /opt/st/stm32cubeide_1.19.0/plugins/com.st.stm32cube.ide.mcu.externaltools.gnu-tools-for-stm32.13.3.rel1.linux64_1.0.0.202410170706/tools/bin/../lib/gcc/arm-none-eabi/13.3.1/../../../../arm-none-eabi/lib/thumb/v7e-m+dp/hard/libc.a(libc_a-__atexit.o)
                0x2400aa4c                __atexit0
 *(COMMON)
                0x2400abdc                        . = ALIGN (0x4)
                0x2400abdc                        _ebss = .
                0x2400abdc                        __bss_end__ = _ebss

._user_heap_stack
                0x2400abdc      0x604 load address 0x0800b4a0
                0x2400abe0                        . = ALIGN (0x8)
 *fill*         0x2400abdc        0x4 
                [!provide]                        PROVIDE (end = .)
                0x2400abe0                        PROVIDE (_end = .)
                0x2400ade0                        . = (. + _Min_Heap_Size)
 *fill*         0x2400abe0      0x200 
                0x2400b1e0                        . = (. + _Min_Stack_Size)
 *fill*         0x2400ade0      0x400 
                0x2400b1e0                        . = ALIGN (0x8)

/DISCARD/
 libc.a(*)
 libm.a(*)
 libgcc.a(*)

.ARM.attributes
                0x00000000       0x2e
 *(.ARM.attributes)
 .ARM.attributes
                0x00000000       0x20 /opt/st/stm32cubeide_1.19.0/plugins/com.st.stm32cube.ide.mcu.externaltools.gnu-tools-for-stm32.13.3.rel1.linux64_1.0.0.202410170706/tools/bin/../lib/gcc/arm-none-eabi/13.3.1/thumb/v7e-m+dp/hard/crti.o
 .ARM.attributes
                0x00000020       0x32 /opt/st/stm32cubeide_1.19.0/plugins/com.st.stm32cube.ide.mcu.externaltools.gnu-tools-for-stm32.13.3.rel1.linux64_1.0.0.202410170706/tools/bin/../lib/gcc/arm-none-eabi/13.3.1/thumb/v7e-m+dp/hard/crtbegin.o
 .ARM.attributes
                0x00000052       0x32 ./Core/Src/flash_veeprom.o
 .ARM.attributes
                0x00000084       0x32 ./Core/Src/gpio.o
 .ARM.attributes
                0x000000b6       0x32 ./Core/Src/main.o
 .ARM.attributes
                0x000000e8       0x32 ./Core/Src/stm32h7xx_hal_msp.o
 .ARM.attributes
                0x0000011a       0x32 ./Core/Src/stm32h7xx_it.o
 .ARM.attributes
                0x0000014c       0x32 ./Core/Src/syscalls.o
 .ARM.attributes
                0x0000017e       0x32 ./Core/Src/sysmem.o
 .ARM.attributes
                0x000001b0       0x32 ./Core/Src/system_stm32h7xx.o
 .ARM.attributes
                0x000001e2       0x32 ./Core/Src/tim.o
 .ARM.attributes
                0x00000214       0x32 ./Core/Src/tim1_drv.o
 .ARM.attributes
                0x00000246       0x21 ./Core/Startup/startup_stm32h7a3zitxq.o
 .ARM.attributes
                0x00000267       0x32 ./Drivers/BSP/STM32H7xx_Nucleo/stm32h7xx_nucleo.o
 .ARM.attributes
                0x00000299       0x32 ./Drivers/STM32H7xx_HAL_Driver/Src/stm32h7xx_hal.o
 .ARM.attributes
                0x000002cb       0x32 ./Drivers/STM32H7xx_HAL_Driver/Src/stm32h7xx_hal_cortex.o
 .ARM.attributes
                0x000002fd       0x32 ./Drivers/STM32H7xx_HAL_Driver/Src/stm32h7xx_hal_exti.o
 .ARM.attributes
                0x0000032f       0x32 ./Drivers/STM32H7xx_HAL_Driver/Src/stm32h7xx_hal_flash.o
 .ARM.attributes
                0x00000361       0x32 ./Drivers/STM32H7xx_HAL_Driver/Src/stm32h7xx_hal_flash_ex.o
 .ARM.attributes
                0x00000393       0x32 ./Drivers/STM32H7xx_HAL_Driver/Src/stm32h7xx_hal_gpio.o
 .ARM.attributes
                0x000003c5       0x32 ./Drivers/STM32H7xx_HAL_Driver/Src/stm32h7xx_hal_pwr_ex.o
 .ARM.attributes
                0x000003f7       0x32 ./Drivers/STM32H7xx_HAL_Driver/Src/stm32h7xx_hal_rcc.o
 .ARM.attributes
                0x00000429       0x32 ./Drivers/STM32H7xx_HAL_Driver/Src/stm32h7xx_hal_rcc_ex.o
 .ARM.attributes
                0x0000045b       0x32 ./Drivers/STM32H7xx_HAL_Driver/Src/stm32h7xx_hal_tim.o
 .ARM.attributes
                0x0000048d       0x32 ./Drivers/STM32H7xx_HAL_Driver/Src/stm32h7xx_hal_tim_ex.o
 .ARM.attributes
                0x000004bf       0x32 ./Drivers/STM32H7xx_HAL_Driver/Src/stm32h7xx_hal_uart.o
 .ARM.attributes
                0x000004f1       0x32 /opt/st/stm32cubeide_1.19.0/plugins/com.st.stm32cube.ide.mcu.externaltools.gnu-tools-for-stm32.13.3.rel1.linux64_1.0.0.202410170706/tools/bin/../lib/gcc/arm-none-eabi/13.3.1/../../../../arm-none-eabi/lib/thumb/v7e-m+dp/hard/libc.a(libc_a-findfp.o)
 .ARM.attributes
                0x00000523       0x32 /opt/st/stm32cubeide_1.19.0/plugins/com.st.stm32cube.ide.mcu.externaltools.gnu-tools-for-stm32.13.3.rel1.linux64_1.0.0.202410170706/tools/bin/../lib/gcc/arm-none-eabi/13.3.1/../../../../arm-none-eabi/lib/thumb/v7e-m+dp/hard/libc.a(libc_a-fwalk.o)
 .ARM.attributes
                0x00000555       0x32 /opt/st/stm32cubeide_1.19.0/plugins/com.st.stm32cube.ide.mcu.externaltools.gnu-tools-for-stm32.13.3.rel1.linux64_1.0.0.202410170706/tools/bin/../lib/gcc/arm-none-eabi/13.3.1/../../../../arm-none-eabi/lib/thumb/v7e-m+dp/hard/libc.a(libc_a-printf.o)
 .ARM.attributes
                0x00000587       0x32 /opt/st/stm32cubeide_1.19.0/plugins/com.st.stm32cube.ide.mcu.externaltools.gnu-tools-for-stm32.13.3.rel1.linux64_1.0.0.202410170706/tools/bin/../lib/gcc/arm-none-eabi/13.3.1/../../../../arm-none-eabi/lib/thumb/v7e-m+dp/hard/libc.a(libc_a-stdio.o)
 .ARM.attributes
                0x000005b9       0x32 /opt/st/stm32cubeide_1.19.0/plugins/com.st.stm32cube.ide.mcu.externaltools.gnu-tools-for-stm32.13.3.rel1.linux64_1.0.0.202410170706/tools/bin/../lib/gcc/arm-none-eabi/13.3.1/../../../../arm-none-eabi/lib/thumb/v7e-m+dp/hard/libc.a(libc_a-memset.o)
 .ARM.attributes
                0x000005eb       0x32 /opt/st/stm32cubeide_1.19.0/plugins/com.st.stm32cube.ide.mcu.externaltools.gnu-tools-for-stm32.13.3.rel1.linux64_1.0.0.202410170706/tools/bin/../lib/gcc/arm-none-eabi/13.3.1/../../../../arm-none-eabi/lib/thumb/v7e-m+dp/hard/libc.a(libc_a-closer.o)
 .ARM.attributes
                0x0000061d       0x32 /opt/st/stm32cubeide_1.19.0/plugins/com.st.stm32cube.ide.mcu.externaltools.gnu-tools-for-stm32.13.3.rel1.linux64_1.0.0.202410170706/tools/bin/../lib/gcc/arm-none-eabi/13.3.1/../../../../arm-none-eabi/lib/thumb/v7e-m+dp/hard/libc.a(libc_a-reent.o)
 .ARM.attributes
                0x0000064f       0x32 /opt/st/stm32cubeide_1.19.0/plugins/com.st.stm32cube.ide.mcu.externaltools.gnu-tools-for-stm32.13.3.rel1.linux64_1.0.0.202410170706/tools/bin/../lib/gcc/arm-none-eabi/13.3.1/../../../../arm-none-eabi/lib/thumb/v7e-m+dp/hard/libc.a(libc_a-impure.o)
 .ARM.attributes
                0x00000681       0x32 /opt/st/stm32cubeide_1.19.0/plugins/com.st.stm32cube.ide.mcu.externaltools.gnu-tools-for-stm32.13.3.rel1.linux64_1.0.0.202410170706/tools/bin/../lib/gcc/arm-none-eabi/13.3.1/../../../../arm-none-eabi/lib/thumb/v7e-m+dp/hard/libc.a(libc_a-lseekr.o)
 .ARM.attributes